Component: ARM Compiler 5.06 update 7 (build 960) Tool: armlink [4d3601]

==============================================================================

Section Cross References

    main.o(i.main) refers to misc.o(i.NVIC_PriorityGroupConfig) for NVIC_PriorityGroupConfig
    main.o(i.main) refers to delay.o(i.delay_init) for delay_init
    main.o(i.main) refers to can.o(i.CAN1_Mode_Init) for CAN1_Mode_Init
    main.o(i.main) refers to can.o(i.CAN2_Mode_Init) for CAN2_Mode_Init
    main.o(i.main) refers to delay.o(i.delay_ms) for delay_ms
    main.o(i.main) refers to timer.o(i.TIM3_Int_Init) for TIM3_Int_Init
    main.o(i.main) refers to gpio.o(i.gpio_Init) for gpio_Init
    main.o(i.main) refers to stm32f4xx_can.o(i.CAN_WakeUp) for CAN_WakeUp
    main.o(i.main) refers to dji_remote.o(i.DJI_remote_init) for DJI_remote_init
    main.o(i.main) refers to arm_4.o(i.Arm_4_init) for Arm_4_init
    main.o(i.main) refers to dji_remote.o(i.DJI_remote_control) for DJI_remote_control
    main.o(i.main) refers to arm_4.o(i.Arm_4_control) for Arm_4_control
    main.o(i.main) refers to main.o(.data) for .data
    system_stm32f4xx.o(i.SystemCoreClockUpdate) refers to system_stm32f4xx.o(.data) for .data
    system_stm32f4xx.o(i.SystemInit) refers to system_stm32f4xx.o(i.SetSysClock) for SetSysClock
    startup_stm32f40_41xxx.o(RESET) refers to startup_stm32f40_41xxx.o(STACK) for __initial_sp
    startup_stm32f40_41xxx.o(RESET) refers to startup_stm32f40_41xxx.o(.text) for Reset_Handler
    startup_stm32f40_41xxx.o(RESET) refers to stm32f4xx_it.o(i.NMI_Handler) for NMI_Handler
    startup_stm32f40_41xxx.o(RESET) refers to stm32f4xx_it.o(i.HardFault_Handler) for HardFault_Handler
    startup_stm32f40_41xxx.o(RESET) refers to stm32f4xx_it.o(i.MemManage_Handler) for MemManage_Handler
    startup_stm32f40_41xxx.o(RESET) refers to stm32f4xx_it.o(i.BusFault_Handler) for BusFault_Handler
    startup_stm32f40_41xxx.o(RESET) refers to stm32f4xx_it.o(i.UsageFault_Handler) for UsageFault_Handler
    startup_stm32f40_41xxx.o(RESET) refers to port.o(.emb_text) for SVC_Handler
    startup_stm32f40_41xxx.o(RESET) refers to stm32f4xx_it.o(i.DebugMon_Handler) for DebugMon_Handler
    startup_stm32f40_41xxx.o(RESET) refers to delay.o(i.SysTick_Handler) for SysTick_Handler
    startup_stm32f40_41xxx.o(RESET) refers to arm_4.o(i.CAN1_TX_IRQHandler) for CAN1_TX_IRQHandler
    startup_stm32f40_41xxx.o(RESET) refers to arm_4.o(i.CAN1_RX0_IRQHandler) for CAN1_RX0_IRQHandler
    startup_stm32f40_41xxx.o(RESET) refers to timer.o(i.TIM1_UP_TIM10_IRQHandler) for TIM1_UP_TIM10_IRQHandler
    startup_stm32f40_41xxx.o(RESET) refers to timer.o(i.TIM3_IRQHandler) for TIM3_IRQHandler
    startup_stm32f40_41xxx.o(RESET) refers to usart.o(i.USART1_IRQHandler) for USART1_IRQHandler
    startup_stm32f40_41xxx.o(RESET) refers to remote_control.o(i.USART3_IRQHandler) for USART3_IRQHandler
    startup_stm32f40_41xxx.o(RESET) refers to arm_4.o(i.CAN2_TX_IRQHandler) for CAN2_TX_IRQHandler
    startup_stm32f40_41xxx.o(RESET) refers to cubemars_ak80_8.o(i.CAN2_RX1_IRQHandler) for CAN2_RX1_IRQHandler
    startup_stm32f40_41xxx.o(.text) refers to system_stm32f4xx.o(i.SystemInit) for SystemInit
    startup_stm32f40_41xxx.o(.text) refers to entry.o(.ARM.Collect$$$$00000000) for __main
    stm32f4xx_adc.o(i.ADC_DeInit) refers to stm32f4xx_rcc.o(i.RCC_APB2PeriphResetCmd) for RCC_APB2PeriphResetCmd
    stm32f4xx_can.o(i.CAN_DeInit) refers to stm32f4xx_rcc.o(i.RCC_APB1PeriphResetCmd) for RCC_APB1PeriphResetCmd
    stm32f4xx_can.o(i.CAN_GetITStatus) refers to stm32f4xx_can.o(i.CheckITStatus) for CheckITStatus
    stm32f4xx_cryp.o(i.CRYP_DeInit) refers to stm32f4xx_rcc.o(i.RCC_AHB2PeriphResetCmd) for RCC_AHB2PeriphResetCmd
    stm32f4xx_cryp_aes.o(i.CRYP_AES_CBC) refers to stm32f4xx_cryp.o(i.CRYP_KeyStructInit) for CRYP_KeyStructInit
    stm32f4xx_cryp_aes.o(i.CRYP_AES_CBC) refers to stm32f4xx_cryp.o(i.CRYP_KeyInit) for CRYP_KeyInit
    stm32f4xx_cryp_aes.o(i.CRYP_AES_CBC) refers to stm32f4xx_cryp.o(i.CRYP_Init) for CRYP_Init
    stm32f4xx_cryp_aes.o(i.CRYP_AES_CBC) refers to stm32f4xx_cryp.o(i.CRYP_IVInit) for CRYP_IVInit
    stm32f4xx_cryp_aes.o(i.CRYP_AES_CBC) refers to stm32f4xx_cryp.o(i.CRYP_FIFOFlush) for CRYP_FIFOFlush
    stm32f4xx_cryp_aes.o(i.CRYP_AES_CBC) refers to stm32f4xx_cryp.o(i.CRYP_Cmd) for CRYP_Cmd
    stm32f4xx_cryp_aes.o(i.CRYP_AES_CBC) refers to stm32f4xx_cryp.o(i.CRYP_GetCmdStatus) for CRYP_GetCmdStatus
    stm32f4xx_cryp_aes.o(i.CRYP_AES_CBC) refers to stm32f4xx_cryp.o(i.CRYP_GetFlagStatus) for CRYP_GetFlagStatus
    stm32f4xx_cryp_aes.o(i.CRYP_AES_CBC) refers to stm32f4xx_cryp.o(i.CRYP_DataIn) for CRYP_DataIn
    stm32f4xx_cryp_aes.o(i.CRYP_AES_CBC) refers to stm32f4xx_cryp.o(i.CRYP_DataOut) for CRYP_DataOut
    stm32f4xx_cryp_aes.o(i.CRYP_AES_CCM) refers to stm32f4xx_cryp.o(i.CRYP_KeyStructInit) for CRYP_KeyStructInit
    stm32f4xx_cryp_aes.o(i.CRYP_AES_CCM) refers to stm32f4xx_cryp.o(i.CRYP_FIFOFlush) for CRYP_FIFOFlush
[...]
    .text                                    0x08000438   Section       48  cdcmple.o(.text)
    .text                                    0x08000468   Section       48  cdrcmple.o(.text)
    .text                                    0x08000498   Section        0  d2f.o(.text)
    .text                                    0x080004d0   Section        0  uidiv.o(.text)
    .text                                    0x080004fc   Section        0  llshl.o(.text)
    .text                                    0x0800051a   Section        0  llsshr.o(.text)
    .text                                    0x0800053e   Section        0  iusefp.o(.text)
    .text                                    0x0800053e   Section        0  fepilogue.o(.text)
    .text                                    0x080005ac   Section        0  depilogue.o(.text)
    .text                                    0x08000666   Section        0  dmul.o(.text)
    .text                                    0x0800074a   Section        0  ddiv.o(.text)
    .text                                    0x08000828   Section        0  fpstat.o(.text)
    .text                                    0x0800082c   Section       36  init.o(.text)
    .text                                    0x08000850   Section        0  llushr.o(.text)
    .text                                    0x08000850   Section        0  semi.o(.text)
    .text                                    0x08000870   Section        0  iusesemip.o(.text)
    i.AK80_8_set                             0x08000870   Section        0  cubemars_ak80_8.o(i.AK80_8_set)
    i.Ak80_8_control_servo                   0x08000878   Section        0  cubemars_ak80_8.o(i.Ak80_8_control_servo)
    i.Arm_4_control                          0x08000884   Section        0  arm_4.o(i.Arm_4_control)
    i.Arm_4_init                             0x080008ec   Section        0  arm_4.o(i.Arm_4_init)
    i.BusFault_Handler                       0x08000974   Section        0  stm32f4xx_it.o(i.BusFault_Handler)
    i.CAN1_Mode_Init                         0x08000978   Section        0  can.o(i.CAN1_Mode_Init)
    i.CAN1_RX0_IRQHandler                    0x08000a68   Section        0  arm_4.o(i.CAN1_RX0_IRQHandler)
    i.CAN1_TX_IRQHandler                     0x08000bd4   Section        0  arm_4.o(i.CAN1_TX_IRQHandler)
    i.CAN2_Mode_Init                         0x08000bd8   Section        0  can.o(i.CAN2_Mode_Init)
    i.CAN2_RX1_IRQHandler                    0x08000cc8   Section        0  cubemars_ak80_8.o(i.CAN2_RX1_IRQHandler)
    i.CAN2_TX_IRQHandler                     0x08000d70   Section        0  arm_4.o(i.CAN2_TX_IRQHandler)
    i.CAN_FilterInit                         0x08000d74   Section        0  stm32f4xx_can.o(i.CAN_FilterInit)
    i.CAN_GetFlagStatus                      0x08000e40   Section        0  stm32f4xx_can.o(i.CAN_GetFlagStatus)
    i.CAN_ITConfig                           0x08000e74   Section        0  stm32f4xx_can.o(i.CAN_ITConfig)
    i.CAN_Init                               0x08000e84   Section        0  stm32f4xx_can.o(i.CAN_Init)
    i.CAN_Receive                            0x08000f6c   Section        0  stm32f4xx_can.o(i.CAN_Receive)
    i.CAN_Transmit                           0x08000ffc   Section        0  stm32f4xx_can.o(i.CAN_Transmit)
    i.CAN_TransmitStatus                     0x080010bc   Section        0  stm32f4xx_can.o(i.CAN_TransmitStatus)
    i.CAN_WakeUp                             0x08001128   Section        0  stm32f4xx_can.o(i.CAN_WakeUp)
    i.CyberGear_Get_Device_Id                0x08001150   Section        0  cybergear.o(i.CyberGear_Get_Device_Id)
    i.CyberGear_control                      0x080011b0   Section        0  cybergear.o(i.CyberGear_control)
    i.CyberGear_enable                       0x080011c0   Section        0  cybergear.o(i.CyberGear_enable)
    i.CyberGear_motion_control_mode          0x08001224   Section        0  cybergear.o(i.CyberGear_motion_control_mode)
    i.CyberGear_set                          0x08001354   Section        0  cybergear.o(i.CyberGear_set)
    i.CyberGear_set_zero_position            0x08001388   Section        0  cybergear.o(i.CyberGear_set_zero_position)
    i.CyberGear_stop                         0x080013f0   Section        0  cybergear.o(i.CyberGear_stop)
    i.CyberGear_unable                       0x08001414   Section        0  cybergear.o(i.CyberGear_unable)
    i.DJI_2006_init                          0x0800147c   Section        0  dji_6020_2006.o(i.DJI_2006_init)
    i.DJI_2006_initial_set                   0x080014c0   Section        0  dji_6020_2006.o(i.DJI_2006_initial_set)
    i.DJI_2006_pid_output                    0x080014d0   Section        0  dji_6020_2006.o(i.DJI_2006_pid_output)
    i.DJI_6020_init                          0x08001508   Section        0  dji_6020_2006.o(i.DJI_6020_init)
    i.DJI_6020_initial_set                   0x0800154c   Section        0  dji_6020_2006.o(i.DJI_6020_initial_set)
    i.DJI_6020_pid_output                    0x0800155c   Section        0  dji_6020_2006.o(i.DJI_6020_pid_output)
    i.DJI_6020_set                           0x08001594   Section        0  dji_6020_2006.o(i.DJI_6020_set)
    i.DJI_motor_control                      0x080015a4   Section        0  dji_6020_2006.o(i.DJI_motor_control)
    i.DJI_motor_transmit                     0x08001650   Section        0  dji_6020_2006.o(i.DJI_motor_transmit)
    i.DJI_remote_control                     0x080016cc   Section        0  dji_remote.o(i.DJI_remote_control)
    i.DJI_remote_init                        0x08001854   Section        0  dji_remote.o(i.DJI_remote_init)
    i.DMA_ClearFlag                          0x08001858   Section        0  stm32f4xx_dma.o(i.DMA_ClearFlag)
    i.DMA_Cmd                                0x08001884   Section        0  stm32f4xx_dma.o(i.DMA_Cmd)
    i.DMA_DeInit                             0x08001898   Section        0  stm32f4xx_dma.o(i.DMA_DeInit)
    i.DMA_DoubleBufferModeCmd                0x080019bc   Section        0  stm32f4xx_dma.o(i.DMA_DoubleBufferModeCmd)
    i.DMA_DoubleBufferModeConfig             0x080019d0   Section        0  stm32f4xx_dma.o(i.DMA_DoubleBufferModeConfig)
    i.DMA_GetCurrDataCounter                 0x080019e6   Section        0  stm32f4xx_dma.o(i.DMA_GetCurrDataCounter)
    i.DMA_GetCurrentMemoryTarget             0x080019ec   Section        0  stm32f4xx_dma.o(i.DMA_GetCurrentMemoryTarget)
    i.DMA_Init                               0x080019fc   Section        0  stm32f4xx_dma.o(i.DMA_Init)
    i.DMA_SetCurrDataCounter                 0x08001a50   Section        0  stm32f4xx_dma.o(i.DMA_SetCurrDataCounter)
    i.DebugMon_Handler                       0x08001a54   Section        0  stm32f4xx_it.o(i.DebugMon_Handler)
    i.GPIO_Init                              0x08001a56   Section        0  stm32f4xx_gpio.o(i.GPIO_Init)
    i.GPIO_PinAFConfig                       0x08001af8   Section        0  stm32f4xx_gpio.o(i.GPIO_PinAFConfig)
    i.GPIO_SetBits                           0x08001b18   Section        0  stm32f4xx_gpio.o(i.GPIO_SetBits)
    i.HardFault_Handler                      0x08001b1c   Section        0  stm32f4xx_it.o(i.HardFault_Handler)
    i.MemManage_Handler                      0x08001b1e   Section        0  stm32f4xx_it.o(i.MemManage_Handler)
    i.NMI_Handler                            0x08001b20   Section        0  stm32f4xx_it.o(i.NMI_Handler)
    i.NVIC_Init                              0x08001b24   Section        0  misc.o(i.NVIC_Init)
    i.NVIC_PriorityGroupConfig               0x08001b88   Section        0  misc.o(i.NVIC_PriorityGroupConfig)
    i.PID_calc                               0x08001b9c   Section        0  pid.o(i.PID_calc)
    i.PID_init                               0x08001cf8   Section        0  pid.o(i.PID_init)
    i.RCC_AHB1PeriphClockCmd                 0x08001d38   Section        0  stm32f4xx_rcc.o(i.RCC_AHB1PeriphClockCmd)
    i.RCC_APB1PeriphClockCmd                 0x08001d50   Section        0  stm32f4xx_rcc.o(i.RCC_APB1PeriphClockCmd)
    i.RCC_APB1PeriphResetCmd                 0x08001d68   Section        0  stm32f4xx_rcc.o(i.RCC_APB1PeriphResetCmd)
    i.RCC_APB2PeriphResetCmd                 0x08001d80   Section        0  stm32f4xx_rcc.o(i.RCC_APB2PeriphResetCmd)
    i.RCC_GetClocksFreq                      0x08001d98   Section        0  stm32f4xx_rcc.o(i.RCC_GetClocksFreq)
    i.SBUS_TO_RC                             0x08001e28   Section        0  remote_control.o(i.SBUS_TO_RC)
    SBUS_TO_RC                               0x08001e29   Thumb Code   342  remote_control.o(i.SBUS_TO_RC)
    i.SetSysClock                            0x08001f88   Section        0  system_stm32f4xx.o(i.SetSysClock)
    SetSysClock                              0x08001f89   Thumb Code   162  system_stm32f4xx.o(i.SetSysClock)
    i.SysTick_CLKSourceConfig                0x0800203c   Section        0  misc.o(i.SysTick_CLKSourceConfig)
    i.SysTick_Handler                        0x08002054   Section        0  delay.o(i.SysTick_Handler)
    i.SystemInit                             0x08002068   Section        0  system_stm32f4xx.o(i.SystemInit)
    i.TIM1_UP_TIM10_IRQHandler               0x080020c4   Section        0  timer.o(i.TIM1_UP_TIM10_IRQHandler)
    i.TIM3_IRQHandler                        0x080020e0   Section        0  timer.o(i.TIM3_IRQHandler)
    i.TIM3_Int_Init                          0x08002118   Section        0  timer.o(i.TIM3_Int_Init)
    i.TIM_ClearITPendingBit                  0x08002174   Section        0  stm32f4xx_tim.o(i.TIM_ClearITPendingBit)
    i.TIM_Cmd                                0x0800217a   Section        0  stm32f4xx_tim.o(i.TIM_Cmd)
    i.TIM_GetITStatus                        0x0800218e   Section        0  stm32f4xx_tim.o(i.TIM_GetITStatus)
    i.TIM_ITConfig                           0x080021a6   Section        0  stm32f4xx_tim.o(i.TIM_ITConfig)
    i.TIM_TimeBaseInit                       0x080021b8   Section        0  stm32f4xx_tim.o(i.TIM_TimeBaseInit)
    i.USART1_IRQHandler                      0x08002234   Section        0  usart.o(i.USART1_IRQHandler)
    i.USART3_IRQHandler                      0x08002258   Section        0  remote_control.o(i.USART3_IRQHandler)
    i.USART_ClearFlag                        0x0800234c   Section        0  stm32f4xx_usart.o(i.USART_ClearFlag)
    i.USART_ClearITPendingBit                0x08002352   Section        0  stm32f4xx_usart.o(i.USART_ClearITPendingBit)
    i.USART_Cmd                              0x0800235e   Section        0  stm32f4xx_usart.o(i.USART_Cmd)
    i.USART_DMACmd                           0x08002372   Section        0  stm32f4xx_usart.o(i.USART_DMACmd)
    i.USART_DeInit                           0x08002384   Section        0  stm32f4xx_usart.o(i.USART_DeInit)
    i.USART_GetITStatus                      0x08002430   Section        0  stm32f4xx_usart.o(i.USART_GetITStatus)
    i.USART_ITConfig                         0x0800246e   Section        0  stm32f4xx_usart.o(i.USART_ITConfig)
    i.USART_Init                             0x080024a0   Section        0  stm32f4xx_usart.o(i.USART_Init)
    i.USART_ReceiveData                      0x0800254c   Section        0  stm32f4xx_usart.o(i.USART_ReceiveData)
    i.UsageFault_Handler                     0x08002554   Section        0  stm32f4xx_it.o(i.UsageFault_Handler)
    i.__0printf$3                            0x08002558   Section        0  printf3.o(i.__0printf$3)
    i.__ARM_fpclassify                       0x08002578   Section        0  fpclassify.o(i.__ARM_fpclassify)
    i.__ARM_fpclassifyf                      0x080025a8   Section        0  fpclassifyf.o(i.__ARM_fpclassifyf)
    i.__hardfp_acosf                         0x080025d0   Section        0  acosf.o(i.__hardfp_acosf)
    i.__hardfp_atan                          0x080026e8   Section        0  atan.o(i.__hardfp_atan)
    i.__hardfp_atan2                         0x080029c0   Section        0  atan2.o(i.__hardfp_atan2)
    i.__hardfp_atan2f                        0x08002bc0   Section        0  atan2f.o(i.__hardfp_atan2f)
    i.__hardfp_atanf                         0x08002e6c   Section        0  atanf.o(i.__hardfp_atanf)
    i.__hardfp_cosf                          0x08002fcc   Section        0  cosf.o(i.__hardfp_cosf)
    i.__hardfp_powf                          0x0800311c   Section        0  powf.o(i.__hardfp_powf)
    i.__hardfp_sinf                          0x08003780   Section        0  sinf.o(i.__hardfp_sinf)
    i.__hardfp_sqrtf                         0x08003910   Section        0  sqrtf.o(i.__hardfp_sqrtf)
    i.__kernel_poly                          0x0800394a   Section        0  poly.o(i.__kernel_poly)
    i.__mathlib_dbl_infnan                   0x08003a42   Section        0  dunder.o(i.__mathlib_dbl_infnan)
    i.__mathlib_dbl_infnan2                  0x08003a56   Section        0  dunder.o(i.__mathlib_dbl_infnan2)
    i.__mathlib_dbl_underflow                0x08003a70   Section        0  dunder.o(i.__mathlib_dbl_underflow)
    i.__mathlib_flt_divzero                  0x08003a90   Section        0  funder.o(i.__mathlib_flt_divzero)
    i.__mathlib_flt_infnan                   0x08003aa4   Section        0  funder.o(i.__mathlib_flt_infnan)
    i.__mathlib_flt_infnan2                  0x08003aaa   Section        0  funder.o(i.__mathlib_flt_infnan2)
    i.__mathlib_flt_invalid                  0x08003ab0   Section        0  funder.o(i.__mathlib_flt_invalid)
    i.__mathlib_flt_overflow                 0x08003ac0   Section        0  funder.o(i.__mathlib_flt_overflow)
    i.__mathlib_flt_underflow                0x08003ad0   Section        0  funder.o(i.__mathlib_flt_underflow)
    i.__mathlib_rredf2                       0x08003ae0   Section        0  rredf.o(i.__mathlib_rredf2)
    i.__scatterload_copy                     0x08003c34   Section       14  handlers.o(i.__scatterload_copy)
    i.__scatterload_null                     0x08003c42   Section        2  handlers.o(i.__scatterload_null)
    i.__scatterload_zeroinit                 0x08003c44   Section       14  handlers.o(i.__scatterload_zeroinit)
    i.__set_errno                            0x08003c54   Section        0  errno.o(i.__set_errno)
    i._printf_core                           0x08003c60   Section        0  printf3.o(i._printf_core)
    _printf_core                             0x08003c61   Thumb Code   436  printf3.o(i._printf_core)
    i.alpha_cal                              0x08003e18   Section        0  arm_4.o(i.alpha_cal)
    i.atan                                   0x08003e5e   Section        0  atan.o(i.atan)
    i.beta_cal                               0x08003e70   Section        0  arm_4.o(i.beta_cal)
    i.buffer_append_int16                    0x08003f18   Section        0  cubemars_ak80_8.o(i.buffer_append_int16)
    i.buffer_append_int32                    0x08003f32   Section        0  cubemars_ak80_8.o(i.buffer_append_int32)
    i.comm_can_set_origin                    0x08003f5c   Section        0  cubemars_ak80_8.o(i.comm_can_set_origin)
    i.comm_can_set_pos_spd                   0x08003f70   Section        0  cubemars_ak80_8.o(i.comm_can_set_pos_spd)
    i.comm_can_transmit_eid                  0x08003fc4   Section        0  cubemars_ak80_8.o(i.comm_can_transmit_eid)
    i.data_frame_fill                        0x0800404c   Section        0  cybergear.o(i.data_frame_fill)
    i.deg_to_rad                             0x08004050   Section        0  arm_4.o(i.deg_to_rad)
    i.delay_init                             0x0800406c   Section        0  delay.o(i.delay_init)
    i.delay_ms                               0x080040a4   Section        0  delay.o(i.delay_ms)
    i.delay_us                               0x080040dc   Section        0  delay.o(i.delay_us)
    i.fabs                                   0x08004110   Section        0  fabs.o(i.fabs)
    i.float_to_uint                          0x08004128   Section        0  cybergear.o(i.float_to_uint)
    i.fputc                                  0x08004172   Section        0  fputc.o(i.fputc)
    i.gpio_Init                              0x08004184   Section        0  gpio.o(i.gpio_Init)
    i.joint_position_cal                     0x080041c0   Section        0  arm_4.o(i.joint_position_cal)
    i.main                                   0x08004278   Section        0  main.o(i.main)
    i.max_min_check                          0x08004304   Section        0  dji_remote.o(i.max_min_check)
    i.prvAddCurrentTaskToDelayedList         0x08004328   Section        0  tasks.o(i.prvAddCurrentTaskToDelayedList)
    prvAddCurrentTaskToDelayedList           0x08004329   Thumb Code   128  tasks.o(i.prvAddCurrentTaskToDelayedList)
    i.prvResetNextTaskUnblockTime            0x080043b0   Section        0  tasks.o(i.prvResetNextTaskUnblockTime)
    prvResetNextTaskUnblockTime              0x080043b1   Thumb Code    24  tasks.o(i.prvResetNextTaskUnblockTime)
    i.rad_to_deg                             0x080043cc   Section        0  arm_4.o(i.rad_to_deg)
    i.remote_control_init                    0x080043e8   Section        0  remote_control.o(i.remote_control_init)
    i.sqrtf                                  0x080043f8   Section        0  sqrtf.o(i.sqrtf)
    i.theta_cal                              0x08004438   Section        0  arm_4.o(i.theta_cal)
    i.uint_to_float_ak                       0x08004584   Section        0  cubemars_ak80_8.o(i.uint_to_float_ak)
    i.usart3_Init                            0x080045ac   Section        0  usart.o(i.usart3_Init)
    i.uxListRemove                           0x080046f0   Section        0  list.o(i.uxListRemove)
    i.vListInsert                            0x08004716   Section        0  list.o(i.vListInsert)
    i.vPortEnterCritical                     0x08004748   Section        0  port.o(i.vPortEnterCritical)
    i.vPortExitCritical                      0x08004798   Section        0  port.o(i.vPortExitCritical)
    i.vTaskDelay                             0x080047d4   Section        0  tasks.o(i.vTaskDelay)
    i.vTaskSuspendAll                        0x08004830   Section        0  tasks.o(i.vTaskSuspendAll)
    i.vTaskSwitchContext                     0x08004840   Section        0  tasks.o(i.vTaskSwitchContext)
    i.xPortSysTickHandler                    0x080048ac   Section        0  port.o(i.xPortSysTickHandler)
    i.xTaskGetSchedulerState                 0x080048d8   Section        0  tasks.o(i.xTaskGetSchedulerState)
    i.xTaskIncrementTick                     0x080048f4   Section        0  tasks.o(i.xTaskIncrementTick)
    i.xTaskResumeAll                         0x08004a3c   Section        0  tasks.o(i.xTaskResumeAll)
    .constdata                               0x08004b7c   Section       96  dji_6020_2006.o(.constdata)
    .constdata                               0x08004bdc   Section      320  powf.o(.constdata)
    table                                    0x08004bdc   Data         128  powf.o(.constdata)
    powersof2to1over16top                    0x08004c5c   Data          64  powf.o(.constdata)
    powersof2to1over16bot                    0x08004c9c   Data          64  powf.o(.constdata)
    powersof2to1over16all                    0x08004cdc   Data          64  powf.o(.constdata)
    .constdata                               0x08004d20   Section      152  atan.o(.constdata)
    atanhi                                   0x08004d20   Data          32  atan.o(.constdata)
    atanlo                                   0x08004d40   Data          32  atan.o(.constdata)
    aTodd                                    0x08004d60   Data          40  atan.o(.constdata)
    aTeven                                   0x08004d88   Data          48  atan.o(.constdata)
    .constdata                               0x08004db8   Section        8  qnan.o(.constdata)
    .constdata                               0x08004dc0   Section       32  rredf.o(.constdata)
    twooverpi                                0x08004dc0   Data          32  rredf.o(.constdata)
    .conststring                             0x08004de0   Section       67  tasks.o(.conststring)
    .conststring                             0x08004e24   Section       89  port.o(.conststring)
    .data                                    0x20000000   Section       16  main.o(.data)
    .data                                    0x20000010   Section       16  stm32f4xx_rcc.o(.data)
    APBAHBPrescTable                         0x20000010   Data          16  stm32f4xx_rcc.o(.data)
    .data                                    0x20000020   Section        4  delay.o(.data)
    fac_us                                   0x20000020   Data           1  delay.o(.data)
    fac_ms                                   0x20000022   Data           2  delay.o(.data)
    .data                                    0x20000024   Section        4  cybergear.o(.data)
    .data                                    0x20000028   Section       52  cubemars_ak80_8.o(.data)
    transmit_1                               0x2000003c   Data           8  cubemars_ak80_8.o(.data)
    transmit_2                               0x20000044   Data           8  cubemars_ak80_8.o(.data)
    transmit_2                               0x2000004c   Data           8  cubemars_ak80_8.o(.data)
    transmit_3                               0x20000054   Data           8  cubemars_ak80_8.o(.data)
    .data                                    0x2000005c   Section       12  dji_6020_2006.o(.data)
    param_6020                               0x20000060   Data           4  dji_6020_2006.o(.data)
    param_2006                               0x20000064   Data           4  dji_6020_2006.o(.data)
    .data                                    0x20000068   Section        2  remote_control.o(.data)
    this_time_rx_len                         0x20000068   Data           2  remote_control.o(.data)
    .data                                    0x2000006c   Section       12  dji_remote.o(.data)
    delta_step                               0x2000006c   Data           4  dji_remote.o(.data)
    .data                                    0x20000078   Section       64  tasks.o(.data)
    uxDeletedTasksWaitingCleanUp             0x2000007c   Data           4  tasks.o(.data)
    uxCurrentNumberOfTasks                   0x20000080   Data           4  tasks.o(.data)
    xTickCount                               0x20000084   Data           4  tasks.o(.data)
    uxTopReadyPriority                       0x20000088   Data           4  tasks.o(.data)
    xSchedulerRunning                        0x2000008c   Data           4  tasks.o(.data)
    xPendedTicks                             0x20000090   Data           4  tasks.o(.data)
    xYieldPending                            0x20000094   Data           4  tasks.o(.data)
    xNumOfOverflows                          0x20000098   Data           4  tasks.o(.data)
    uxTaskNumber                             0x2000009c   Data           4  tasks.o(.data)
    xNextTaskUnblockTime                     0x200000a0   Data           4  tasks.o(.data)
    xIdleTaskHandle                          0x200000a4   Data           4  tasks.o(.data)
    uxSchedulerSuspended                     0x200000ac   Data           4  tasks.o(.data)
    pxDelayedTaskList                        0x200000b0   Data           4  tasks.o(.data)
    pxOverflowDelayedTaskList                0x200000b4   Data           4  tasks.o(.data)
    .data                                    0x200000b8   Section       12  port.o(.data)
    ucMaxSysCallPriority                     0x200000b8   Data           1  port.o(.data)
    uxCriticalNesting                        0x200000bc   Data           4  port.o(.data)
    ulMaxPRIGROUPValue                       0x200000c0   Data           4  port.o(.data)
    .data                                    0x200000c4   Section        4  stdout.o(.data)
    .data                                    0x200000c8   Section        4  errno.o(.data)
    _errno                                   0x200000c8   Data           4  errno.o(.data)
    .bss                                     0x200000cc   Section       80  arm_4.o(.bss)
    .bss                                     0x2000011c   Section       32  cybergear.o(.bss)
    .bss                                     0x2000013c   Section       20  cubemars_ak80_8.o(.bss)
    .bss                                     0x20000150   Section      360  dji_6020_2006.o(.bss)
    .bss                                     0x200002b8   Section      124  remote_control.o(.bss)
    SBUS_rx_buf                              0x200002b8   Data          72  remote_control.o(.bss)
    .bss                                     0x20000334   Section      740  tasks.o(.bss)
    pxReadyTasksLists                        0x20000334   Data         640  tasks.o(.bss)
    xDelayedTaskList1                        0x200005b4   Data          20  tasks.o(.bss)
    xDelayedTaskList2                        0x200005c8   Data          20  tasks.o(.bss)
    xPendingReadyList                        0x200005dc   Data          20  tasks.o(.bss)
    xTasksWaitingTermination                 0x200005f0   Data          20  tasks.o(.bss)
    xSuspendedTaskList                       0x20000604   Data          20  tasks.o(.bss)
    STACK                                    0x20000618   Section     1024  startup_stm32f40_41xxx.o(STACK)

    Global Symbols

    Symbol Name                              Value     Ov Type        Size  Object(Section)

    BuildAttributes$$THM_ISAv4$E$P$D$K$B$S$7EM$VFPi3$EXTD16$VFPS$VFMA$PE$A:L22UL41UL21$X:L11$S22US41US21$IEEE1$IW$USESV6$~STKCKD$USESV7$~SHL$OTIME$ROPI$IEEEX$EBA8$MICROLIB$REQ8$PRES8$EABIv2 0x00000000   Number         0  anon$$obj.o ABSOLUTE
    __ARM_use_no_argv                        0x00000000   Number         0  main.o ABSOLUTE
    _printf_a                                0x00000000   Number         0  stubs.o ABSOLUTE
    _printf_c                                0x00000000   Number         0  stubs.o ABSOLUTE
    _printf_charcount                        0x00000000   Number         0  stubs.o ABSOLUTE
    _printf_d                                0x00000000   Number         0  stubs.o ABSOLUTE
    _printf_e                                0x00000000   Number         0  stubs.o ABSOLUTE
    _printf_f                                0x00000000   Number         0  stubs.o ABSOLUTE
    _printf_flags                            0x00000000   Number         0  stubs.o ABSOLUTE
    _printf_fp_dec                           0x00000000   Number         0  stubs.o ABSOLUTE
    _printf_fp_hex                           0x00000000   Number         0  stubs.o ABSOLUTE
    _printf_g                                0x00000000   Number         0  stubs.o ABSOLUTE
    _printf_i                                0x00000000   Number         0  stubs.o ABSOLUTE
    _printf_int_dec                          0x00000000   Number         0  stubs.o ABSOLUTE
    _printf_l                                0x00000000   Number         0  stubs.o ABSOLUTE
    _printf_lc                               0x00000000   Number         0  stubs.o ABSOLUTE
    _printf_ll                               0x00000000   Number         0  stubs.o ABSOLUTE
    _printf_lld                              0x00000000   Number         0  stubs.o ABSOLUTE
    _printf_lli                              0x00000000   Number         0  stubs.o ABSOLUTE
    _printf_llo                              0x00000000   Number         0  stubs.o ABSOLUTE
    _printf_llu                              0x00000000   Number         0  stubs.o ABSOLUTE
    _printf_llx                              0x00000000   Number         0  stubs.o ABSOLUTE
    _printf_longlong_dec                     0x00000000   Number         0  stubs.o ABSOLUTE
    _printf_longlong_hex                     0x00000000   Number         0  stubs.o ABSOLUTE
    _printf_longlong_oct                     0x00000000   Number         0  stubs.o ABSOLUTE
    _printf_ls                               0x00000000   Number         0  stubs.o ABSOLUTE
    _printf_mbtowc                           0x00000000   Number         0  stubs.o ABSOLUTE
    _printf_n                                0x00000000   Number         0  stubs.o ABSOLUTE
    _printf_o                                0x00000000   Number         0  stubs.o ABSOLUTE
    _printf_p                                0x00000000   Number         0  stubs.o ABSOLUTE
    _printf_percent                          0x00000000   Number         0  stubs.o ABSOLUTE
    _printf_pre_padding                      0x00000000   Number         0  stubs.o ABSOLUTE
    _printf_return_value                     0x00000000   Number         0  stubs.o ABSOLUTE
    _printf_s                                0x00000000   Number         0  stubs.o ABSOLUTE
    _printf_sizespec                         0x00000000   Number         0  stubs.o ABSOLUTE
    _printf_str                              0x00000000   Number         0  stubs.o ABSOLUTE
    _printf_truncate_signed                  0x00000000   Number         0  stubs.o ABSOLUTE
    _printf_truncate_unsigned                0x00000000   Number         0  stubs.o ABSOLUTE
    _printf_u                                0x00000000   Number         0  stubs.o ABSOLUTE
    _printf_wc                               0x00000000   Number         0  stubs.o ABSOLUTE
    _printf_wctomb                           0x00000000   Number         0  stubs.o ABSOLUTE
    _printf_widthprec                        0x00000000   Number         0  stubs.o ABSOLUTE
    _printf_x                                0x00000000   Number         0  stubs.o ABSOLUTE
    __arm_fini_                               - Undefined Weak Reference
    __cpp_initialize__aeabi_                  - Undefined Weak Reference
    __cxa_finalize                            - Undefined Weak Reference
    __decompress                              - Undefined Weak Reference
    _clock_init                               - Undefined Weak Reference
    _microlib_exit                            - Undefined Weak Reference
    __Vectors_Size                           0x00000188   Number         0  startup_stm32f40_41xxx.o ABSOLUTE
    __Vectors                                0x08000000   Data           4  startup_stm32f40_41xxx.o(RESET)
    __Vectors_End                            0x08000188   Data           0  startup_stm32f40_41xxx.o(RESET)
    __main                                   0x08000189   Thumb Code     0  entry.o(.ARM.Collect$$$$00000000)
    _main_stk                                0x08000189   Thumb Code     0  entry2.o(.ARM.Collect$$$$00000001)
    _main_scatterload                        0x0800018d   Thumb Code     0  entry5.o(.ARM.Collect$$$$00000004)
    __main_after_scatterload                 0x08000191   Thumb Code     0  entry5.o(.ARM.Collect$$$$00000004)
    _main_clock                              0x08000191   Thumb Code     0  entry7b.o(.ARM.Collect$$$$00000008)
    _main_cpp_init                           0x08000191   Thumb Code     0  entry8b.o(.ARM.Collect$$$$0000000A)
    _main_init                               0x08000191   Thumb Code     0  entry9a.o(.ARM.Collect$$$$0000000B)
    __rt_lib_shutdown_fini                   0x08000199   Thumb Code     0  entry12b.o(.ARM.Collect$$$$0000000E)
    __rt_final_cpp                           0x0800019d   Thumb Code     0  entry10a.o(.ARM.Collect$$$$0000000F)
    __rt_final_exit                          0x0800019d   Thumb Code     0  entry11a.o(.ARM.Collect$$$$00000011)
    SVC_Handler                              0x080001a1   Thumb Code    28  port.o(.emb_text)
    __asm___6_port_c_39a90d8d__prvStartFirstTask 0x080001c1   Thumb Code    36  port.o(.emb_text)
    __asm___6_port_c_39a90d8d__prvEnableVFP  0x080001e9   Thumb Code    16  port.o(.emb_text)
    PendSV_Handler                           0x080001fd   Thumb Code    88  port.o(.emb_text)
    vPortGetIPSR                             0x08000259   Thumb Code     6  port.o(.emb_text)
    Reset_Handler                            0x08000261   Thumb Code     8  startup_stm32f40_41xxx.o(.text)
    ADC_IRQHandler                           0x0800027b   Thumb Code     0  startup_stm32f40_41xxx.o(.text)
    CAN1_RX1_IRQHandler                      0x0800027b   Thumb Code     0  startup_stm32f40_41xxx.o(.text)
    CAN1_SCE_IRQHandler                      0x0800027b   Thumb Code     0  startup_stm32f40_41xxx.o(.text)
    CAN2_RX0_IRQHandler                      0x0800027b   Thumb Code     0  startup_stm32f40_41xxx.o(.text)
    CAN2_SCE_IRQHandler                      0x0800027b   Thumb Code     0  startup_stm32f40_41xxx.o(.text)
    CRYP_IRQHandler                          0x0800027b   Thumb Code     0  startup_stm32f40_41xxx.o(.text)
    DCMI_IRQHandler                          0x0800027b   Thumb Code     0  startup_stm32f40_41xxx.o(.text)
    DMA1_Stream0_IRQHandler                  0x0800027b   Thumb Code     0  startup_stm32f40_41xxx.o(.text)
    DMA1_Stream1_IRQHandler                  0x0800027b   Thumb Code     0  startup_stm32f40_41xxx.o(.text)
    DMA1_Stream2_IRQHandler                  0x0800027b   Thumb Code     0  startup_stm32f40_41xxx.o(.text)
    DMA1_Stream3_IRQHandler                  0x0800027b   Thumb Code     0  startup_stm32f40_41xxx.o(.text)
    DMA1_Stream4_IRQHandler                  0x0800027b   Thumb Code     0  startup_stm32f40_41xxx.o(.text)
    DMA1_Stream5_IRQHandler                  0x0800027b   Thumb Code     0  startup_stm32f40_41xxx.o(.text)
    DMA1_Stream6_IRQHandler                  0x0800027b   Thumb Code     0  startup_stm32f40_41xxx.o(.text)
    DMA1_Stream7_IRQHandler                  0x0800027b   Thumb Code     0  startup_stm32f40_41xxx.o(.text)
    DMA2_Stream0_IRQHandler                  0x0800027b   Thumb Code     0  startup_stm32f40_41xxx.o(.text)
    DMA2_Stream1_IRQHandler                  0x0800027b   Thumb Code     0  startup_stm32f40_41xxx.o(.text)
    DMA2_Stream2_IRQHandler                  0x0800027b   Thumb Code     0  startup_stm32f40_41xxx.o(.text)
    DMA2_Stream3_IRQHandler                  0x0800027b   Thumb Code     0  startup_stm32f40_41xxx.o(.text)
    DMA2_Stream4_IRQHandler                  0x0800027b   Thumb Code     0  startup_stm32f40_41xxx.o(.text)
    DMA2_Stream5_IRQHandler                  0x0800027b   Thumb Code     0  startup_stm32f40_41xxx.o(.text)
    DMA2_Stream6_IRQHandler                  0x0800027b   Thumb Code     0  startup_stm32f40_41xxx.o(.text)
    DMA2_Stream7_IRQHandler                  0x0800027b   Thumb Code     0  startup_stm32f40_41xxx.o(.text)
    ETH_IRQHandler                           0x0800027b   Thumb Code     0  startup_stm32f40_41xxx.o(.text)
    ETH_WKUP_IRQHandler                      0x0800027b   Thumb Code     0  startup_stm32f40_41xxx.o(.text)
    EXTI0_IRQHandler                         0x0800027b   Thumb Code     0  startup_stm32f40_41xxx.o(.text)
    EXTI15_10_IRQHandler                     0x0800027b   Thumb Code     0  startup_stm32f40_41xxx.o(.text)
    EXTI1_IRQHandler                         0x0800027b   Thumb Code     0  startup_stm32f40_41xxx.o(.text)
    EXTI2_IRQHandler                         0x0800027b   Thumb Code     0  startup_stm32f40_41xxx.o(.text)
    EXTI3_IRQHandler                         0x0800027b   Thumb Code     0  startup_stm32f40_41xxx.o(.text)
    EXTI4_IRQHandler                         0x0800027b   Thumb Code     0  startup_stm32f40_41xxx.o(.text)
    EXTI9_5_IRQHandler                       0x0800027b   Thumb Code     0  startup_stm32f40_41xxx.o(.text)
    FLASH_IRQHandler                         0x0800027b   Thumb Code     0  startup_stm32f40_41xxx.o(.text)
    FPU_IRQHandler                           0x0800027b   Thumb Code     0  startup_stm32f40_41xxx.o(.text)
    FSMC_IRQHandler                          0x0800027b   Thumb Code     0  startup_stm32f40_41xxx.o(.text)
    HASH_RNG_IRQHandler                      0x0800027b   Thumb Code     0  startup_stm32f40_41xxx.o(.text)
    I2C1_ER_IRQHandler                       0x0800027b   Thumb Code     0  startup_stm32f40_41xxx.o(.text)
    I2C1_EV_IRQHandler                       0x0800027b   Thumb Code     0  startup_stm32f40_41xxx.o(.text)
    I2C2_ER_IRQHandler                       0x0800027b   Thumb Code     0  startup_stm32f40_41xxx.o(.text)
    I2C2_EV_IRQHandler                       0x0800027b   Thumb Code     0  startup_stm32f40_41xxx.o(.text)
    I2C3_ER_IRQHandler                       0x0800027b   Thumb Code     0  startup_stm32f40_41xxx.o(.text)
    I2C3_EV_IRQHandler                       0x0800027b   Thumb Code     0  startup_stm32f40_41xxx.o(.text)
    OTG_FS_IRQHandler                        0x0800027b   Thumb Code     0  startup_stm32f40_41xxx.o(.text)
    OTG_FS_WKUP_IRQHandler                   0x0800027b   Thumb Code     0  startup_stm32f40_41xxx.o(.text)
    OTG_HS_EP1_IN_IRQHandler                 0x0800027b   Thumb Code     0  startup_stm32f40_41xxx.o(.text)
    OTG_HS_EP1_OUT_IRQHandler                0x0800027b   Thumb Code     0  startup_stm32f40_41xxx.o(.text)
    OTG_HS_IRQHandler                        0x0800027b   Thumb Code     0  startup_stm32f40_41xxx.o(.text)
    OTG_HS_WKUP_IRQHandler                   0x0800027b   Thumb Code     0  startup_stm32f40_41xxx.o(.text)
    PVD_IRQHandler                           0x0800027b   Thumb Code     0  startup_stm32f40_41xxx.o(.text)
    RCC_IRQHandler                           0x0800027b   Thumb Code     0  startup_stm32f40_41xxx.o(.text)
    RTC_Alarm_IRQHandler                     0x0800027b   Thumb Code     0  startup_stm32f40_41xxx.o(.text)
    RTC_WKUP_IRQHandler                      0x0800027b   Thumb Code     0  startup_stm32f40_41xxx.o(.text)
    SDIO_IRQHandler                          0x0800027b   Thumb Code     0  startup_stm32f40_41xxx.o(.text)
    SPI1_IRQHandler                          0x0800027b   Thumb Code     0  startup_stm32f40_41xxx.o(.text)
    SPI2_IRQHandler                          0x0800027b   Thumb Code     0  startup_stm32f40_41xxx.o(.text)
    SPI3_IRQHandler                          0x0800027b   Thumb Code     0  startup_stm32f40_41xxx.o(.text)
    TAMP_STAMP_IRQHandler                    0x0800027b   Thumb Code     0  startup_stm32f40_41xxx.o(.text)
    TIM1_BRK_TIM9_IRQHandler                 0x0800027b   Thumb Code     0  startup_stm32f40_41xxx.o(.text)
    TIM1_CC_IRQHandler                       0x0800027b   Thumb Code     0  startup_stm32f40_41xxx.o(.text)
    TIM1_TRG_COM_TIM11_IRQHandler            0x0800027b   Thumb Code     0  startup_stm32f40_41xxx.o(.text)
    TIM2_IRQHandler                          0x0800027b   Thumb Code     0  startup_stm32f40_41xxx.o(.text)
    TIM4_IRQHandler                          0x0800027b   Thumb Code     0  startup_stm32f40_41xxx.o(.text)
    TIM5_IRQHandler                          0x0800027b   Thumb Code     0  startup_stm32f40_41xxx.o(.text)
    TIM6_DAC_IRQHandler                      0x0800027b   Thumb Code     0  startup_stm32f40_41xxx.o(.text)
    TIM7_IRQHandler                          0x0800027b   Thumb Code     0  startup_stm32f40_41xxx.o(.text)
    TIM8_BRK_TIM12_IRQHandler                0x0800027b   Thumb Code     0  startup_stm32f40_41xxx.o(.text)
    TIM8_CC_IRQHandler                       0x0800027b   Thumb Code     0  startup_stm32f40_41xxx.o(.text)
    TIM8_TRG_COM_TIM14_IRQHandler            0x0800027b   Thumb Code     0  startup_stm32f40_41xxx.o(.text)
    TIM8_UP_TIM13_IRQHandler                 0x0800027b   Thumb Code     0  startup_stm32f40_41xxx.o(.text)
    UART4_IRQHandler                         0x0800027b   Thumb Code     0  startup_stm32f40_41xxx.o(.text)
    UART5_IRQHandler                         0x0800027b   Thumb Code     0  startup_stm32f40_41xxx.o(.text)
    USART2_IRQHandler                        0x0800027b   Thumb Code     0  startup_stm32f40_41xxx.o(.text)
    USART6_IRQHandler                        0x0800027b   Thumb Code     0  startup_stm32f40_41xxx.o(.text)
    WWDG_IRQHandler                          0x0800027b   Thumb Code     0  startup_stm32f40_41xxx.o(.text)
    __aeabi_memcpy                           0x08000285   Thumb Code    36  memcpya.o(.text)
    __aeabi_memcpy4                          0x08000285   Thumb Code     0  memcpya.o(.text)
    __aeabi_memcpy8                          0x08000285   Thumb Code     0  memcpya.o(.text)
    __aeabi_dadd                             0x080002a9   Thumb Code   322  dadd.o(.text)
    __aeabi_dsub                             0x080003eb   Thumb Code     6  dadd.o(.text)
    __aeabi_drsub                            0x080003f1   Thumb Code     6  dadd.o(.text)
    __aeabi_ui2d                             0x080003f7   Thumb Code    26  dfltui.o(.text)
    __aeabi_f2d                              0x08000411   Thumb Code    38  f2d.o(.text)
    __aeabi_cdcmpeq                          0x08000439   Thumb Code     0  cdcmple.o(.text)
    __aeabi_cdcmple                          0x08000439   Thumb Code    48  cdcmple.o(.text)
    __aeabi_cdrcmple                         0x08000469   Thumb Code    48  cdrcmple.o(.text)
    __aeabi_d2f                              0x08000499   Thumb Code    56  d2f.o(.text)
    __aeabi_uidiv                            0x080004d1   Thumb Code     0  uidiv.o(.text)
    __aeabi_uidivmod                         0x080004d1   Thumb Code    44  uidiv.o(.text)
    __aeabi_llsl                             0x080004fd   Thumb Code    30  llshl.o(.text)
    _ll_shift_l                              0x080004fd   Thumb Code     0  llshl.o(.text)
    __aeabi_lasr                             0x0800051b   Thumb Code    36  llsshr.o(.text)
    _ll_sshift_r                             0x0800051b   Thumb Code     0  llsshr.o(.text)
    __I$use$fp                               0x0800053f   Thumb Code     0  iusefp.o(.text)
    _float_round                             0x0800053f   Thumb Code    18  fepilogue.o(.text)
    _float_epilogue                          0x08000551   Thumb Code    92  fepilogue.o(.text)
    _double_round                            0x080005ad   Thumb Code    30  depilogue.o(.text)
    _double_epilogue                         0x080005cb   Thumb Code   156  depilogue.o(.text)
    __aeabi_dmul                             0x08000667   Thumb Code   228  dmul.o(.text)
    __aeabi_ddiv                             0x0800074b   Thumb Code   222  ddiv.o(.text)
    __fp_status                              0x08000829   Thumb Code     4  fpstat.o(.text)
    __ieee_status                            0x08000829   Thumb Code     0  fpstat.o(.text)
    __scatterload                            0x0800082d   Thumb Code    28  init.o(.text)
    __scatterload_rt2                        0x0800082d   Thumb Code     0  init.o(.text)
    __aeabi_llsr                             0x08000851   Thumb Code    32  llushr.o(.text)
    __semihosting_library_function           0x08000851   Thumb Code     0  semi.o(.text)
    _ll_ushift_r                             0x08000851   Thumb Code     0  llushr.o(.text)
    AK80_8_set                               0x08000871   Thumb Code     8  cubemars_ak80_8.o(i.AK80_8_set)
    __I$use$semihosting$fputc                0x08000871   Thumb Code     0  iusesemip.o(.text)
    Ak80_8_control_servo                     0x08000879   Thumb Code    12  cubemars_ak80_8.o(i.Ak80_8_control_servo)
    Arm_4_control                            0x08000885   Thumb Code    96  arm_4.o(i.Arm_4_control)
    Arm_4_init                               0x080008ed   Thumb Code   104  arm_4.o(i.Arm_4_init)
    BusFault_Handler                         0x08000975   Thumb Code     2  stm32f4xx_it.o(i.BusFault_Handler)
    CAN1_Mode_Init                           0x08000979   Thumb Code   232  can.o(i.CAN1_Mode_Init)
    CAN1_RX0_IRQHandler                      0x08000a69   Thumb Code   336  arm_4.o(i.CAN1_RX0_IRQHandler)
    CAN1_TX_IRQHandler                       0x08000bd5   Thumb Code     2  arm_4.o(i.CAN1_TX_IRQHandler)
    CAN2_Mode_Init                           0x08000bd9   Thumb Code   230  can.o(i.CAN2_Mode_Init)
    CAN2_RX1_IRQHandler                      0x08000cc9   Thumb Code   154  cubemars_ak80_8.o(i.CAN2_RX1_IRQHandler)
    CAN2_TX_IRQHandler                       0x08000d71   Thumb Code     2  arm_4.o(i.CAN2_TX_IRQHandler)
    CAN_FilterInit                           0x08000d75   Thumb Code   194  stm32f4xx_can.o(i.CAN_FilterInit)
    CAN_GetFlagStatus                        0x08000e41   Thumb Code    52  stm32f4xx_can.o(i.CAN_GetFlagStatus)
    CAN_ITConfig                             0x08000e75   Thumb Code    16  stm32f4xx_can.o(i.CAN_ITConfig)
    CAN_Init                                 0x08000e85   Thumb Code   232  stm32f4xx_can.o(i.CAN_Init)
    CAN_Receive                              0x08000f6d   Thumb Code   144  stm32f4xx_can.o(i.CAN_Receive)
    CAN_Transmit                             0x08000ffd   Thumb Code   190  stm32f4xx_can.o(i.CAN_Transmit)
    CAN_TransmitStatus                       0x080010bd   Thumb Code    88  stm32f4xx_can.o(i.CAN_TransmitStatus)
    CAN_WakeUp                               0x08001129   Thumb Code    40  stm32f4xx_can.o(i.CAN_WakeUp)
    CyberGear_Get_Device_Id                  0x08001151   Thumb Code    86  cybergear.o(i.CyberGear_Get_Device_Id)
    CyberGear_control                        0x080011b1   Thumb Code    14  cybergear.o(i.CyberGear_control)
    CyberGear_enable                         0x080011c1   Thumb Code    90  cybergear.o(i.CyberGear_enable)
    CyberGear_motion_control_mode            0x08001225   Thumb Code   286  cybergear.o(i.CyberGear_motion_control_mode)
    CyberGear_set                            0x08001355   Thumb Code    40  cybergear.o(i.CyberGear_set)
    CyberGear_set_zero_position              0x08001389   Thumb Code    96  cybergear.o(i.CyberGear_set_zero_position)
    CyberGear_stop                           0x080013f1   Thumb Code    32  cybergear.o(i.CyberGear_stop)
    CyberGear_unable                         0x08001415   Thumb Code    96  cybergear.o(i.CyberGear_unable)
    DJI_2006_init                            0x0800147d   Thumb Code    60  dji_6020_2006.o(i.DJI_2006_init)
    DJI_2006_initial_set                     0x080014c1   Thumb Code    10  dji_6020_2006.o(i.DJI_2006_initial_set)
    DJI_2006_pid_output                      0x080014d1   Thumb Code    52  dji_6020_2006.o(i.DJI_2006_pid_output)
    DJI_6020_init                            0x08001509   Thumb Code    60  dji_6020_2006.o(i.DJI_6020_init)
    DJI_6020_initial_set                     0x0800154d   Thumb Code    10  dji_6020_2006.o(i.DJI_6020_initial_set)
    DJI_6020_pid_output                      0x0800155d   Thumb Code    52  dji_6020_2006.o(i.DJI_6020_pid_output)
    DJI_6020_set                             0x08001595   Thumb Code    14  dji_6020_2006.o(i.DJI_6020_set)
    DJI_motor_control                        0x080015a5   Thumb Code   146  dji_6020_2006.o(i.DJI_motor_control)
    DJI_motor_transmit                       0x08001651   Thumb Code   112  dji_6020_2006.o(i.DJI_motor_transmit)
    DJI_remote_control                       0x080016cd   Thumb Code   356  dji_remote.o(i.DJI_remote_control)
    DJI_remote_init                          0x08001855   Thumb Code     4  dji_remote.o(i.DJI_remote_init)
    DMA_ClearFlag                            0x08001859   Thumb Code    32  stm32f4xx_dma.o(i.DMA_ClearFlag)
    DMA_Cmd                                  0x08001885   Thumb Code    20  stm32f4xx_dma.o(i.DMA_Cmd)
    DMA_DeInit                               0x08001899   Thumb Code   272  stm32f4xx_dma.o(i.DMA_DeInit)
    DMA_DoubleBufferModeCmd                  0x080019bd   Thumb Code    20  stm32f4xx_dma.o(i.DMA_DoubleBufferModeCmd)
    DMA_DoubleBufferModeConfig               0x080019d1   Thumb Code    22  stm32f4xx_dma.o(i.DMA_DoubleBufferModeConfig)
    DMA_GetCurrDataCounter                   0x080019e7   Thumb Code     6  stm32f4xx_dma.o(i.DMA_GetCurrDataCounter)
    DMA_GetCurrentMemoryTarget               0x080019ed   Thumb Code    14  stm32f4xx_dma.o(i.DMA_GetCurrentMemoryTarget)
    DMA_Init                                 0x080019fd   Thumb Code    80  stm32f4xx_dma.o(i.DMA_Init)
    DMA_SetCurrDataCounter                   0x08001a51   Thumb Code     4  stm32f4xx_dma.o(i.DMA_SetCurrDataCounter)
    DebugMon_Handler                         0x08001a55   Thumb Code     2  stm32f4xx_it.o(i.DebugMon_Handler)
    GPIO_Init                                0x08001a57   Thumb Code   162  stm32f4xx_gpio.o(i.GPIO_Init)
    GPIO_PinAFConfig                         0x08001af9   Thumb Code    32  stm32f4xx_gpio.o(i.GPIO_PinAFConfig)
    GPIO_SetBits                             0x08001b19   Thumb Code     4  stm32f4xx_gpio.o(i.GPIO_SetBits)
    HardFault_Handler                        0x08001b1d   Thumb Code     2  stm32f4xx_it.o(i.HardFault_Handler)
    MemManage_Handler                        0x08001b1f   Thumb Code     2  stm32f4xx_it.o(i.MemManage_Handler)
    NMI_Handler                              0x08001b21   Thumb Code     2  stm32f4xx_it.o(i.NMI_Handler)
    NVIC_Init                                0x08001b25   Thumb Code    96  misc.o(i.NVIC_Init)
    NVIC_PriorityGroupConfig                 0x08001b89   Thumb Code    10  misc.o(i.NVIC_PriorityGroupConfig)
    PID_calc                                 0x08001b9d   Thumb Code   344  pid.o(i.PID_calc)
    PID_init                                 0x08001cf9   Thumb Code    58  pid.o(i.PID_init)
    RCC_AHB1PeriphClockCmd                   0x08001d39   Thumb Code    18  stm32f4xx_rcc.o(i.RCC_AHB1PeriphClockCmd)
    RCC_APB1PeriphClockCmd                   0x08001d51   Thumb Code    18  stm32f4xx_rcc.o(i.RCC_APB1PeriphClockCmd)
    RCC_APB1PeriphResetCmd                   0x08001d69   Thumb Code    18  stm32f4xx_rcc.o(i.RCC_APB1PeriphResetCmd)
    RCC_APB2PeriphResetCmd                   0x08001d81   Thumb Code    18  stm32f4xx_rcc.o(i.RCC_APB2PeriphResetCmd)
    RCC_GetClocksFreq                        0x08001d99   Thumb Code   132  stm32f4xx_rcc.o(i.RCC_GetClocksFreq)
    SysTick_CLKSourceConfig                  0x0800203d   Thumb Code    24  misc.o(i.SysTick_CLKSourceConfig)
    SysTick_Handler                          0x08002055   Thumb Code    20  delay.o(i.SysTick_Handler)
    SystemInit                               0x08002069   Thumb Code    74  system_stm32f4xx.o(i.SystemInit)
    TIM1_UP_TIM10_IRQHandler                 0x080020c5   Thumb Code    24  timer.o(i.TIM1_UP_TIM10_IRQHandler)
    TIM3_IRQHandler                          0x080020e1   Thumb Code    48  timer.o(i.TIM3_IRQHandler)
    TIM3_Int_Init                            0x08002119   Thumb Code    88  timer.o(i.TIM3_Int_Init)
    TIM_ClearITPendingBit                    0x08002175   Thumb Code     6  stm32f4xx_tim.o(i.TIM_ClearITPendingBit)
    TIM_Cmd                                  0x0800217b   Thumb Code    20  stm32f4xx_tim.o(i.TIM_Cmd)
    TIM_GetITStatus                          0x0800218f   Thumb Code    24  stm32f4xx_tim.o(i.TIM_GetITStatus)
    TIM_ITConfig                             0x080021a7   Thumb Code    16  stm32f4xx_tim.o(i.TIM_ITConfig)
    TIM_TimeBaseInit                         0x080021b9   Thumb Code    96  stm32f4xx_tim.o(i.TIM_TimeBaseInit)
    USART1_IRQHandler                        0x08002235   Thumb Code    32  usart.o(i.USART1_IRQHandler)
    USART3_IRQHandler                        0x08002259   Thumb Code   222  remote_control.o(i.USART3_IRQHandler)
    USART_ClearFlag                          0x0800234d   Thumb Code     6  stm32f4xx_usart.o(i.USART_ClearFlag)
    USART_ClearITPendingBit                  0x08002353   Thumb Code    12  stm32f4xx_usart.o(i.USART_ClearITPendingBit)
    USART_Cmd                                0x0800235f   Thumb Code    20  stm32f4xx_usart.o(i.USART_Cmd)
    USART_DMACmd                             0x08002373   Thumb Code    16  stm32f4xx_usart.o(i.USART_DMACmd)
    USART_DeInit                             0x08002385   Thumb Code   138  stm32f4xx_usart.o(i.USART_DeInit)
    USART_GetITStatus                        0x08002431   Thumb Code    62  stm32f4xx_usart.o(i.USART_GetITStatus)
    USART_ITConfig                           0x0800246f   Thumb Code    48  stm32f4xx_usart.o(i.USART_ITConfig)
    USART_Init                               0x080024a1   Thumb Code   164  stm32f4xx_usart.o(i.USART_Init)
    USART_ReceiveData                        0x0800254d   Thumb Code     8  stm32f4xx_usart.o(i.USART_ReceiveData)
    UsageFault_Handler                       0x08002555   Thumb Code     2  stm32f4xx_it.o(i.UsageFault_Handler)
    __0printf$3                              0x08002559   Thumb Code    22  printf3.o(i.__0printf$3)
    __1printf$3                              0x08002559   Thumb Code     0  printf3.o(i.__0printf$3)
    __2printf                                0x08002559   Thumb Code     0  printf3.o(i.__0printf$3)
    __ARM_fpclassify                         0x08002579   Thumb Code    48  fpclassify.o(i.__ARM_fpclassify)
    __ARM_fpclassifyf                        0x080025a9   Thumb Code    38  fpclassifyf.o(i.__ARM_fpclassifyf)
    __hardfp_acosf                           0x080025d1   Thumb Code   234  acosf.o(i.__hardfp_acosf)
    __hardfp_atan                            0x080026e9   Thumb Code   622  atan.o(i.__hardfp_atan)
    __hardfp_atan2                           0x080029c1   Thumb Code   448  atan2.o(i.__hardfp_atan2)
    __hardfp_atan2f                          0x08002bc1   Thumb Code   594  atan2f.o(i.__hardfp_atan2f)
    __hardfp_atanf                           0x08002e6d   Thumb Code   296  atanf.o(i.__hardfp_atanf)
    __hardfp_cosf                            0x08002fcd   Thumb Code   280  cosf.o(i.__hardfp_cosf)
    __hardfp_powf                            0x0800311d   Thumb Code  1606  powf.o(i.__hardfp_powf)
    __mathlib_powf                           0x0800311d   Thumb Code     0  powf.o(i.__hardfp_powf)
    __hardfp_sinf                            0x08003781   Thumb Code   344  sinf.o(i.__hardfp_sinf)
    __hardfp_sqrtf                           0x08003911   Thumb Code    58  sqrtf.o(i.__hardfp_sqrtf)
    __kernel_poly                            0x0800394b   Thumb Code   248  poly.o(i.__kernel_poly)
    __mathlib_dbl_infnan                     0x08003a43   Thumb Code    20  dunder.o(i.__mathlib_dbl_infnan)
    __mathlib_dbl_infnan2                    0x08003a57   Thumb Code    20  dunder.o(i.__mathlib_dbl_infnan2)
    __mathlib_dbl_underflow                  0x08003a71   Thumb Code    24  dunder.o(i.__mathlib_dbl_underflow)
    __mathlib_flt_divzero                    0x08003a91   Thumb Code    14  funder.o(i.__mathlib_flt_divzero)
    __mathlib_flt_infnan                     0x08003aa5   Thumb Code     6  funder.o(i.__mathlib_flt_infnan)
    __mathlib_flt_infnan2                    0x08003aab   Thumb Code     6  funder.o(i.__mathlib_flt_infnan2)
    __mathlib_flt_invalid                    0x08003ab1   Thumb Code    10  funder.o(i.__mathlib_flt_invalid)
    __mathlib_flt_overflow                   0x08003ac1   Thumb Code    10  funder.o(i.__mathlib_flt_overflow)
    __mathlib_flt_underflow                  0x08003ad1   Thumb Code    10  funder.o(i.__mathlib_flt_underflow)
    __mathlib_rredf2                         0x08003ae1   Thumb Code   316  rredf.o(i.__mathlib_rredf2)
    __scatterload_copy                       0x08003c35   Thumb Code    14  handlers.o(i.__scatterload_copy)
    __scatterload_null                       0x08003c43   Thumb Code     2  handlers.o(i.__scatterload_null)
    __scatterload_zeroinit                   0x08003c45   Thumb Code    14  handlers.o(i.__scatterload_zeroinit)
    __set_errno                              0x08003c55   Thumb Code     6  errno.o(i.__set_errno)
    alpha_cal                                0x08003e19   Thumb Code    70  arm_4.o(i.alpha_cal)
    atan                                     0x08003e5f   Thumb Code    16  atan.o(i.atan)
    beta_cal                                 0x08003e71   Thumb Code   164  arm_4.o(i.beta_cal)
    buffer_append_int16                      0x08003f19   Thumb Code    26  cubemars_ak80_8.o(i.buffer_append_int16)
    buffer_append_int32                      0x08003f33   Thumb Code    42  cubemars_ak80_8.o(i.buffer_append_int32)
    comm_can_set_origin                      0x08003f5d   Thumb Code    20  cubemars_ak80_8.o(i.comm_can_set_origin)
    comm_can_set_pos_spd                     0x08003f71   Thumb Code    80  cubemars_ak80_8.o(i.comm_can_set_pos_spd)
    comm_can_transmit_eid                    0x08003fc5   Thumb Code   122  cubemars_ak80_8.o(i.comm_can_transmit_eid)
    data_frame_fill                          0x0800404d   Thumb Code     2  cybergear.o(i.data_frame_fill)
    deg_to_rad                               0x08004051   Thumb Code    18  arm_4.o(i.deg_to_rad)
    delay_init                               0x0800406d   Thumb Code    50  delay.o(i.delay_init)
    delay_ms                                 0x080040a5   Thumb Code    52  delay.o(i.delay_ms)
    delay_us                                 0x080040dd   Thumb Code    48  delay.o(i.delay_us)
    fabs                                     0x08004111   Thumb Code    24  fabs.o(i.fabs)
    float_to_uint                            0x08004129   Thumb Code    74  cybergear.o(i.float_to_uint)
    fputc                                    0x08004173   Thumb Code    18  fputc.o(i.fputc)
    gpio_Init                                0x08004185   Thumb Code    56  gpio.o(i.gpio_Init)
    joint_position_cal                       0x080041c1   Thumb Code   176  arm_4.o(i.joint_position_cal)
    main                                     0x08004279   Thumb Code   128  main.o(i.main)
    max_min_check                            0x08004305   Thumb Code    36  dji_remote.o(i.max_min_check)
    rad_to_deg                               0x080043cd   Thumb Code    18  arm_4.o(i.rad_to_deg)
    remote_control_init                      0x080043e9   Thumb Code    12  remote_control.o(i.remote_control_init)
    sqrtf                                    0x080043f9   Thumb Code    62  sqrtf.o(i.sqrtf)
    theta_cal                                0x08004439   Thumb Code   320  arm_4.o(i.theta_cal)
    uint_to_float_ak                         0x08004585   Thumb Code    40  cubemars_ak80_8.o(i.uint_to_float_ak)
    usart3_Init                              0x080045ad   Thumb Code   306  usart.o(i.usart3_Init)
    uxListRemove                             0x080046f1   Thumb Code    38  list.o(i.uxListRemove)
    vListInsert                              0x08004717   Thumb Code    48  list.o(i.vListInsert)
    vPortEnterCritical                       0x08004749   Thumb Code    50  port.o(i.vPortEnterCritical)
    vPortExitCritical                        0x08004799   Thumb Code    34  port.o(i.vPortExitCritical)
    vTaskDelay                               0x080047d5   Thumb Code    62  tasks.o(i.vTaskDelay)
    vTaskSuspendAll                          0x08004831   Thumb Code    10  tasks.o(i.vTaskSuspendAll)
    vTaskSwitchContext                       0x08004841   Thumb Code    80  tasks.o(i.vTaskSwitchContext)
    xPortSysTickHandler                      0x080048ad   Thumb Code    38  port.o(i.xPortSysTickHandler)
    xTaskGetSchedulerState                   0x080048d9   Thumb Code    22  tasks.o(i.xTaskGetSchedulerState)
    xTaskIncrementTick                       0x080048f5   Thumb Code   300  tasks.o(i.xTaskIncrementTick)
    xTaskResumeAll                           0x08004a3d   Thumb Code   282  tasks.o(i.xTaskResumeAll)
    __mathlib_zero                           0x08004db8   Data           8  qnan.o(.constdata)
    Region$$Table$$Base                      0x08004e80   Number         0  anon$$obj.o(Region$$Table)
    Region$$Table$$Limit                     0x08004ea0   Number         0  anon$$obj.o(Region$$Table)
    x                                        0x20000000   Data           4  main.o(.data)
    y                                        0x20000004   Data           4  main.o(.data)
    z                                        0x20000008   Data           4  main.o(.data)
    angle                                    0x2000000c   Data           4  main.o(.data)
    CyberGear_send_error_timers              0x20000024   Data           4  cybergear.o(.data)
    AK80_8_send_error_times                  0x20000028   Data           4  cubemars_ak80_8.o(.data)
    rpm                                      0x2000002c   Data           4  cubemars_ak80_8.o(.data)
    kp                                       0x20000030   Data           4  cubemars_ak80_8.o(.data)
    kd                                       0x20000034   Data           4  cubemars_ak80_8.o(.data)
    t_ff                                     0x20000038   Data           4  cubemars_ak80_8.o(.data)
    DJI_can_send_error_times                 0x2000005c   Data           4  dji_6020_2006.o(.data)
    alpha                                    0x20000070   Data           4  dji_remote.o(.data)
    length                                   0x20000074   Data           4  dji_remote.o(.data)
    pxCurrentTCB                             0x20000078   Data           4  tasks.o(.data)
    uxTopUsedPriority                        0x200000a8   Data           4  tasks.o(.data)
    __stdout                                 0x200000c4   Data           4  stdout.o(.data)
    arm                                      0x200000cc   Data          80  arm_4.o(.bss)
    CyberGear                                0x2000011c   Data          32  cybergear.o(.bss)
    AK80_8                                   0x2000013c   Data          20  cubemars_ak80_8.o(.bss)
    DJI_6020                                 0x20000150   Data         180  dji_6020_2006.o(.bss)
    DJI_2006                                 0x20000204   Data         180  dji_6020_2006.o(.bss)
    rc_ctrl                                  0x20000300   Data          52  remote_control.o(.bss)
    __initial_sp                             0x20000a18   Data           0  startup_stm32f40_41xxx.o(STACK)



==============================================================================

Memory Map of the image

  Image Entry point : 0x08000189

  Load Region LR_IROM1 (Base: 0x08000000, Size: 0x00004f6c, Max: 0x00080000, ABSOLUTE)

    Execution Region ER_IROM1 (Exec base: 0x08000000, Load base: 0x08000000, Size: 0x00004ea0, Max: 0x00080000, ABSOLUTE)

    Exec Addr    Load Addr    Size         Type   Attr      Idx    E Section Name        Object

    0x08000000   0x08000000   0x00000188   Data   RO          277    RESET               startup_stm32f40_41xxx.o
    0x08000188   0x08000188   0x00000000   Code   RO         7285  * .ARM.Collect$$$$00000000  mc_w.l(entry.o)
    0x08000188   0x08000188   0x00000004   Code   RO         7627    .ARM.Collect$$$$00000001  mc_w.l(entry2.o)
    0x0800018c   0x0800018c   0x00000004   Code   RO         7630    .ARM.Collect$$$$00000004  mc_w.l(entry5.o)
    0x08000190   0x08000190   0x00000000   Code   RO         7632    .ARM.Collect$$$$00000008  mc_w.l(entry7b.o)
    0x08000190   0x08000190   0x00000000   Code   RO         7634    .ARM.Collect$$$$0000000A  mc_w.l(entry8b.o)
    0x08000190   0x08000190   0x00000008   Code   RO         7635    .ARM.Collect$$$$0000000B  mc_w.l(entry9a.o)
    0x08000198   0x08000198   0x00000004   Code   RO         7642    .ARM.Collect$$$$0000000E  mc_w.l(entry12b.o)
    0x0800019c   0x0800019c   0x00000000   Code   RO         7637    .ARM.Collect$$$$0000000F  mc_w.l(entry10a.o)
    0x0800019c   0x0800019c   0x00000000   Code   RO         7639    .ARM.Collect$$$$00000011  mc_w.l(entry11a.o)
    0x0800019c   0x0800019c   0x00000004   Code   RO         7628    .ARM.Collect$$$$00002712  mc_w.l(entry2.o)
    0x080001a0   0x080001a0   0x000000be   Code   RO         7091    .emb_text           port.o
    0x0800025e   0x0800025e   0x00000002   PAD
    0x08000260   0x08000260   0x00000024   Code   RO          278    .text               startup_stm32f40_41xxx.o
    0x08000284   0x08000284   0x00000024   Code   RO         7288    .text               mc_w.l(memcpya.o)
    0x080002a8   0x080002a8   0x0000014e   Code   RO         7561    .text               mf_w.l(dadd.o)
    0x080003f6   0x080003f6   0x0000001a   Code   RO         7563    .text               mf_w.l(dfltui.o)
    0x08000410   0x08000410   0x00000026   Code   RO         7565    .text               mf_w.l(f2d.o)
    0x08000436   0x08000436   0x00000002   PAD
    0x08000438   0x08000438   0x00000030   Code   RO         7567    .text               mf_w.l(cdcmple.o)
    0x08000468   0x08000468   0x00000030   Code   RO         7569    .text               mf_w.l(cdrcmple.o)
    0x08000498   0x08000498   0x00000038   Code   RO         7571    .text               mf_w.l(d2f.o)
    0x080004d0   0x080004d0   0x0000002c   Code   RO         7646    .text               mc_w.l(uidiv.o)
    0x080004fc   0x080004fc   0x0000001e   Code   RO         7650    .text               mc_w.l(llshl.o)
    0x0800051a   0x0800051a   0x00000024   Code   RO         7652    .text               mc_w.l(llsshr.o)
    0x0800053e   0x0800053e   0x00000000   Code   RO         7661    .text               mc_w.l(iusefp.o)
    0x0800053e   0x0800053e   0x0000006e   Code   RO         7662    .text               mf_w.l(fepilogue.o)
    0x080005ac   0x080005ac   0x000000ba   Code   RO         7664    .text               mf_w.l(depilogue.o)
    0x08000666   0x08000666   0x000000e4   Code   RO         7666    .text               mf_w.l(dmul.o)
    0x0800074a   0x0800074a   0x000000de   Code   RO         7668    .text               mf_w.l(ddiv.o)
    0x08000828   0x08000828   0x00000004   Code   RO         7676    .text               mf_w.l(fpstat.o)
    0x0800082c   0x0800082c   0x00000024   Code   RO         7682    .text               mc_w.l(init.o)
    0x08000850   0x08000850   0x00000000   Code   RO         7684    .text               mc_w.l(semi.o)
    0x08000850   0x08000850   0x00000020   Code   RO         7685    .text               mc_w.l(llushr.o)
    0x08000870   0x08000870   0x00000000   Code   RO         7687    .text               mc_w.l(iusesemip.o)
    0x08000870   0x08000870   0x00000008   Code   RO         5349    i.AK80_8_set        cubemars_ak80_8.o
    0x08000878   0x08000878   0x0000000c   Code   RO         5353    i.Ak80_8_control_servo  cubemars_ak80_8.o
    0x08000884   0x08000884   0x00000068   Code   RO         5101    i.Arm_4_control     arm_4.o
    0x080008ec   0x080008ec   0x00000088   Code   RO         5103    i.Arm_4_init        arm_4.o
    0x08000974   0x08000974   0x00000002   Code   RO          187    i.BusFault_Handler  stm32f4xx_it.o
    0x08000976   0x08000976   0x00000002   PAD
    0x08000978   0x08000978   0x000000f0   Code   RO         5686    i.CAN1_Mode_Init    can.o
    0x08000a68   0x08000a68   0x0000016c   Code   RO         5105    i.CAN1_RX0_IRQHandler  arm_4.o
    0x08000bd4   0x08000bd4   0x00000002   Code   RO         5106    i.CAN1_TX_IRQHandler  arm_4.o
    0x08000bd6   0x08000bd6   0x00000002   PAD
    0x08000bd8   0x08000bd8   0x000000f0   Code   RO         5687    i.CAN2_Mode_Init    can.o
    0x08000cc8   0x08000cc8   0x000000a8   Code   RO         5357    i.CAN2_RX1_IRQHandler  cubemars_ak80_8.o
    0x08000d70   0x08000d70   0x00000002   Code   RO         5107    i.CAN2_TX_IRQHandler  arm_4.o
    0x08000d72   0x08000d72   0x00000002   PAD
    0x08000d74   0x08000d74   0x000000cc   Code   RO          576    i.CAN_FilterInit    stm32f4xx_can.o
    0x08000e40   0x08000e40   0x00000034   Code   RO          577    i.CAN_GetFlagStatus  stm32f4xx_can.o
    0x08000e74   0x08000e74   0x00000010   Code   RO          582    i.CAN_ITConfig      stm32f4xx_can.o
    0x08000e84   0x08000e84   0x000000e8   Code   RO          583    i.CAN_Init          stm32f4xx_can.o
    0x08000f6c   0x08000f6c   0x00000090   Code   RO          586    i.CAN_Receive       stm32f4xx_can.o
    0x08000ffc   0x08000ffc   0x000000be   Code   RO          591    i.CAN_Transmit      stm32f4xx_can.o
    0x080010ba   0x080010ba   0x00000002   PAD
    0x080010bc   0x080010bc   0x0000006c   Code   RO          592    i.CAN_TransmitStatus  stm32f4xx_can.o
    0x08001128   0x08001128   0x00000028   Code   RO          593    i.CAN_WakeUp        stm32f4xx_can.o
    0x08001150   0x08001150   0x00000060   Code   RO         5234    i.CyberGear_Get_Device_Id  cybergear.o
    0x080011b0   0x080011b0   0x0000000e   Code   RO         5235    i.CyberGear_control  cybergear.o
    0x080011be   0x080011be   0x00000002   PAD
    0x080011c0   0x080011c0   0x00000064   Code   RO         5236    i.CyberGear_enable  cybergear.o
    0x08001224   0x08001224   0x00000130   Code   RO         5237    i.CyberGear_motion_control_mode  cybergear.o
    0x08001354   0x08001354   0x00000034   Code   RO         5239    i.CyberGear_set     cybergear.o
    0x08001388   0x08001388   0x00000068   Code   RO         5241    i.CyberGear_set_zero_position  cybergear.o
    0x080013f0   0x080013f0   0x00000024   Code   RO         5244    i.CyberGear_stop    cybergear.o
    0x08001414   0x08001414   0x00000068   Code   RO         5245    i.CyberGear_unable  cybergear.o
    0x0800147c   0x0800147c   0x00000044   Code   RO         5508    i.DJI_2006_init     dji_6020_2006.o
    0x080014c0   0x080014c0   0x00000010   Code   RO         5509    i.DJI_2006_initial_set  dji_6020_2006.o
    0x080014d0   0x080014d0   0x00000038   Code   RO         5510    i.DJI_2006_pid_output  dji_6020_2006.o
    0x08001508   0x08001508   0x00000044   Code   RO         5511    i.DJI_6020_init     dji_6020_2006.o
    0x0800154c   0x0800154c   0x00000010   Code   RO         5512    i.DJI_6020_initial_set  dji_6020_2006.o
    0x0800155c   0x0800155c   0x00000038   Code   RO         5513    i.DJI_6020_pid_output  dji_6020_2006.o
    0x08001594   0x08001594   0x0000000e   Code   RO         5514    i.DJI_6020_set      dji_6020_2006.o
    0x080015a2   0x080015a2   0x00000002   PAD
    0x080015a4   0x080015a4   0x000000ac   Code   RO         5515    i.DJI_motor_control  dji_6020_2006.o
    0x08001650   0x08001650   0x0000007c   Code   RO         5516    i.DJI_motor_transmit  dji_6020_2006.o
    0x080016cc   0x080016cc   0x00000188   Code   RO         5643    i.DJI_remote_control  dji_remote.o
    0x08001854   0x08001854   0x00000004   Code   RO         5644    i.DJI_remote_init   dji_remote.o
    0x08001858   0x08001858   0x0000002c   Code   RO         1271    i.DMA_ClearFlag     stm32f4xx_dma.o
    0x08001884   0x08001884   0x00000014   Code   RO         1273    i.DMA_Cmd           stm32f4xx_dma.o
    0x08001898   0x08001898   0x00000124   Code   RO         1274    i.DMA_DeInit        stm32f4xx_dma.o
    0x080019bc   0x080019bc   0x00000014   Code   RO         1275    i.DMA_DoubleBufferModeCmd  stm32f4xx_dma.o
    0x080019d0   0x080019d0   0x00000016   Code   RO         1276    i.DMA_DoubleBufferModeConfig  stm32f4xx_dma.o
    0x080019e6   0x080019e6   0x00000006   Code   RO         1279    i.DMA_GetCurrDataCounter  stm32f4xx_dma.o
    0x080019ec   0x080019ec   0x0000000e   Code   RO         1280    i.DMA_GetCurrentMemoryTarget  stm32f4xx_dma.o
    0x080019fa   0x080019fa   0x00000002   PAD
    0x080019fc   0x080019fc   0x00000054   Code   RO         1285    i.DMA_Init          stm32f4xx_dma.o
    0x08001a50   0x08001a50   0x00000004   Code   RO         1288    i.DMA_SetCurrDataCounter  stm32f4xx_dma.o
    0x08001a54   0x08001a54   0x00000002   Code   RO          188    i.DebugMon_Handler  stm32f4xx_it.o
    0x08001a56   0x08001a56   0x000000a2   Code   RO         2007    i.GPIO_Init         stm32f4xx_gpio.o
    0x08001af8   0x08001af8   0x00000020   Code   RO         2008    i.GPIO_PinAFConfig  stm32f4xx_gpio.o
    0x08001b18   0x08001b18   0x00000004   Code   RO         2015    i.GPIO_SetBits      stm32f4xx_gpio.o
    0x08001b1c   0x08001b1c   0x00000002   Code   RO          189    i.HardFault_Handler  stm32f4xx_it.o
    0x08001b1e   0x08001b1e   0x00000002   Code   RO          190    i.MemManage_Handler  stm32f4xx_it.o
    0x08001b20   0x08001b20   0x00000002   Code   RO          191    i.NMI_Handler       stm32f4xx_it.o
    0x08001b22   0x08001b22   0x00000002   PAD
    0x08001b24   0x08001b24   0x00000064   Code   RO          284    i.NVIC_Init         misc.o
    0x08001b88   0x08001b88   0x00000014   Code   RO          285    i.NVIC_PriorityGroupConfig  misc.o
    0x08001b9c   0x08001b9c   0x0000015c   Code   RO         5201    i.PID_calc          pid.o
    0x08001cf8   0x08001cf8   0x00000040   Code   RO         5202    i.PID_init          pid.o
    0x08001d38   0x08001d38   0x00000018   Code   RO         2871    i.RCC_AHB1PeriphClockCmd  stm32f4xx_rcc.o
    0x08001d50   0x08001d50   0x00000018   Code   RO         2880    i.RCC_APB1PeriphClockCmd  stm32f4xx_rcc.o
    0x08001d68   0x08001d68   0x00000018   Code   RO         2882    i.RCC_APB1PeriphResetCmd  stm32f4xx_rcc.o
    0x08001d80   0x08001d80   0x00000018   Code   RO         2885    i.RCC_APB2PeriphResetCmd  stm32f4xx_rcc.o
    0x08001d98   0x08001d98   0x00000090   Code   RO         2892    i.RCC_GetClocksFreq  stm32f4xx_rcc.o
    0x08001e28   0x08001e28   0x00000160   Code   RO         5583    i.SBUS_TO_RC        remote_control.o
    0x08001f88   0x08001f88   0x000000b4   Code   RO          240    i.SetSysClock       system_stm32f4xx.o
    0x0800203c   0x0800203c   0x00000018   Code   RO          288    i.SysTick_CLKSourceConfig  misc.o
    0x08002054   0x08002054   0x00000014   Code   RO         4999    i.SysTick_Handler   delay.o
    0x08002068   0x08002068   0x0000005c   Code   RO          242    i.SystemInit        system_stm32f4xx.o
    0x080020c4   0x080020c4   0x0000001c   Code   RO         5741    i.TIM1_UP_TIM10_IRQHandler  timer.o
    0x080020e0   0x080020e0   0x00000038   Code   RO         5742    i.TIM3_IRQHandler   timer.o
    0x08002118   0x08002118   0x0000005c   Code   RO         5743    i.TIM3_Int_Init     timer.o
    0x08002174   0x08002174   0x00000006   Code   RO         4211    i.TIM_ClearITPendingBit  stm32f4xx_tim.o
    0x0800217a   0x0800217a   0x00000014   Code   RO         4216    i.TIM_Cmd           stm32f4xx_tim.o
    0x0800218e   0x0800218e   0x00000018   Code   RO         4237    i.TIM_GetITStatus   stm32f4xx_tim.o
    0x080021a6   0x080021a6   0x00000010   Code   RO         4241    i.TIM_ITConfig      stm32f4xx_tim.o
    0x080021b6   0x080021b6   0x00000002   PAD
    0x080021b8   0x080021b8   0x0000007c   Code   RO         4288    i.TIM_TimeBaseInit  stm32f4xx_tim.o
    0x08002234   0x08002234   0x00000024   Code   RO         5791    i.USART1_IRQHandler  usart.o
    0x08002258   0x08002258   0x000000f4   Code   RO         5584    i.USART3_IRQHandler  remote_control.o
    0x0800234c   0x0800234c   0x00000006   Code   RO         4749    i.USART_ClearFlag   stm32f4xx_usart.o
    0x08002352   0x08002352   0x0000000c   Code   RO         4750    i.USART_ClearITPendingBit  stm32f4xx_usart.o
    0x0800235e   0x0800235e   0x00000014   Code   RO         4753    i.USART_Cmd         stm32f4xx_usart.o
    0x08002372   0x08002372   0x00000010   Code   RO         4754    i.USART_DMACmd      stm32f4xx_usart.o
    0x08002382   0x08002382   0x00000002   PAD
    0x08002384   0x08002384   0x000000ac   Code   RO         4755    i.USART_DeInit      stm32f4xx_usart.o
    0x08002430   0x08002430   0x0000003e   Code   RO         4757    i.USART_GetITStatus  stm32f4xx_usart.o
    0x0800246e   0x0800246e   0x00000030   Code   RO         4759    i.USART_ITConfig    stm32f4xx_usart.o
    0x0800249e   0x0800249e   0x00000002   PAD
    0x080024a0   0x080024a0   0x000000ac   Code   RO         4760    i.USART_Init        stm32f4xx_usart.o
    0x0800254c   0x0800254c   0x00000008   Code   RO         4767    i.USART_ReceiveData  stm32f4xx_usart.o
    0x08002554   0x08002554   0x00000002   Code   RO          192    i.UsageFault_Handler  stm32f4xx_it.o
    0x08002556   0x08002556   0x00000002   PAD
    0x08002558   0x08002558   0x00000020   Code   RO         7389    i.__0printf$3       mc_w.l(printf3.o)
    0x08002578   0x08002578   0x00000030   Code   RO         7678    i.__ARM_fpclassify  m_wm.l(fpclassify.o)
    0x080025a8   0x080025a8   0x00000026   Code   RO         7607    i.__ARM_fpclassifyf  m_wm.l(fpclassifyf.o)
    0x080025ce   0x080025ce   0x00000002   PAD
    0x080025d0   0x080025d0   0x00000118   Code   RO         7179    i.__hardfp_acosf    m_wm.l(acosf.o)
    0x080026e8   0x080026e8   0x000002d8   Code   RO         7573    i.__hardfp_atan     m_wm.l(atan.o)
    0x080029c0   0x080029c0   0x00000200   Code   RO         7191    i.__hardfp_atan2    m_wm.l(atan2.o)
    0x08002bc0   0x08002bc0   0x000002ac   Code   RO         7203    i.__hardfp_atan2f   m_wm.l(atan2f.o)
    0x08002e6c   0x08002e6c   0x00000160   Code   RO         7215    i.__hardfp_atanf    m_wm.l(atanf.o)
    0x08002fcc   0x08002fcc   0x00000150   Code   RO         7227    i.__hardfp_cosf     m_wm.l(cosf.o)
    0x0800311c   0x0800311c   0x00000664   Code   RO         7239    i.__hardfp_powf     m_wm.l(powf.o)
    0x08003780   0x08003780   0x00000190   Code   RO         7253    i.__hardfp_sinf     m_wm.l(sinf.o)
    0x08003910   0x08003910   0x0000003a   Code   RO         7265    i.__hardfp_sqrtf    m_wm.l(sqrtf.o)
    0x0800394a   0x0800394a   0x000000f8   Code   RO         7680    i.__kernel_poly     m_wm.l(poly.o)
    0x08003a42   0x08003a42   0x00000014   Code   RO         7588    i.__mathlib_dbl_infnan  m_wm.l(dunder.o)
    0x08003a56   0x08003a56   0x00000014   Code   RO         7589    i.__mathlib_dbl_infnan2  m_wm.l(dunder.o)
    0x08003a6a   0x08003a6a   0x00000006   PAD
    0x08003a70   0x08003a70   0x00000020   Code   RO         7593    i.__mathlib_dbl_underflow  m_wm.l(dunder.o)
    0x08003a90   0x08003a90   0x00000014   Code   RO         7609    i.__mathlib_flt_divzero  m_wm.l(funder.o)
    0x08003aa4   0x08003aa4   0x00000006   Code   RO         7610    i.__mathlib_flt_infnan  m_wm.l(funder.o)
    0x08003aaa   0x08003aaa   0x00000006   Code   RO         7611    i.__mathlib_flt_infnan2  m_wm.l(funder.o)
    0x08003ab0   0x08003ab0   0x00000010   Code   RO         7612    i.__mathlib_flt_invalid  m_wm.l(funder.o)
    0x08003ac0   0x08003ac0   0x00000010   Code   RO         7613    i.__mathlib_flt_overflow  m_wm.l(funder.o)
    0x08003ad0   0x08003ad0   0x00000010   Code   RO         7615    i.__mathlib_flt_underflow  m_wm.l(funder.o)
    0x08003ae0   0x08003ae0   0x00000154   Code   RO         7624    i.__mathlib_rredf2  m_wm.l(rredf.o)
    0x08003c34   0x08003c34   0x0000000e   Code   RO         7690    i.__scatterload_copy  mc_w.l(handlers.o)
    0x08003c42   0x08003c42   0x00000002   Code   RO         7691    i.__scatterload_null  mc_w.l(handlers.o)
    0x08003c44   0x08003c44   0x0000000e   Code   RO         7692    i.__scatterload_zeroinit  mc_w.l(handlers.o)
    0x08003c52   0x08003c52   0x00000002   PAD
    0x08003c54   0x08003c54   0x0000000c   Code   RO         7656    i.__set_errno       mc_w.l(errno.o)
    0x08003c60   0x08003c60   0x000001b8   Code   RO         7396    i._printf_core      mc_w.l(printf3.o)
    0x08003e18   0x08003e18   0x00000046   Code   RO         5108    i.alpha_cal         arm_4.o
    0x08003e5e   0x08003e5e   0x00000010   Code   RO         7575    i.atan              m_wm.l(atan.o)
    0x08003e6e   0x08003e6e   0x00000002   PAD
    0x08003e70   0x08003e70   0x000000a8   Code   RO         5109    i.beta_cal          arm_4.o
    0x08003f18   0x08003f18   0x0000001a   Code   RO         5358    i.buffer_append_int16  cubemars_ak80_8.o
    0x08003f32   0x08003f32   0x0000002a   Code   RO         5359    i.buffer_append_int32  cubemars_ak80_8.o
    0x08003f5c   0x08003f5c   0x00000014   Code   RO         5363    i.comm_can_set_origin  cubemars_ak80_8.o
    0x08003f70   0x08003f70   0x00000054   Code   RO         5365    i.comm_can_set_pos_spd  cubemars_ak80_8.o
    0x08003fc4   0x08003fc4   0x00000088   Code   RO         5367    i.comm_can_transmit_eid  cubemars_ak80_8.o
    0x0800404c   0x0800404c   0x00000002   Code   RO         5246    i.data_frame_fill   cybergear.o
    0x0800404e   0x0800404e   0x00000002   PAD
    0x08004050   0x08004050   0x0000001c   Code   RO         5110    i.deg_to_rad        arm_4.o
    0x0800406c   0x0800406c   0x00000038   Code   RO         5000    i.delay_init        delay.o
    0x080040a4   0x080040a4   0x00000038   Code   RO         5001    i.delay_ms          delay.o
    0x080040dc   0x080040dc   0x00000034   Code   RO         5002    i.delay_us          delay.o
    0x08004110   0x08004110   0x00000018   Code   RO         7603    i.fabs              m_wm.l(fabs.o)
    0x08004128   0x08004128   0x0000004a   Code   RO         5247    i.float_to_uint     cybergear.o
    0x08004172   0x08004172   0x00000012   Code   RO         7643    i.fputc             mc_w.l(fputc.o)
    0x08004184   0x08004184   0x0000003c   Code   RO         5716    i.gpio_Init         gpio.o
    0x080041c0   0x080041c0   0x000000b8   Code   RO         5111    i.joint_position_cal  arm_4.o
    0x08004278   0x08004278   0x0000008c   Code   RO            3    i.main              main.o
    0x08004304   0x08004304   0x00000024   Code   RO         5645    i.max_min_check     dji_remote.o
    0x08004328   0x08004328   0x00000088   Code   RO         6472    i.prvAddCurrentTaskToDelayedList  tasks.o
    0x080043b0   0x080043b0   0x0000001c   Code   RO         6478    i.prvResetNextTaskUnblockTime  tasks.o
    0x080043cc   0x080043cc   0x0000001c   Code   RO         5112    i.rad_to_deg        arm_4.o
    0x080043e8   0x080043e8   0x00000010   Code   RO         5585    i.remote_control_init  remote_control.o
    0x080043f8   0x080043f8   0x0000003e   Code   RO         7267    i.sqrtf             m_wm.l(sqrtf.o)
    0x08004436   0x08004436   0x00000002   PAD
    0x08004438   0x08004438   0x0000014c   Code   RO         5113    i.theta_cal         arm_4.o
    0x08004584   0x08004584   0x00000028   Code   RO         5370    i.uint_to_float_ak  cubemars_ak80_8.o
    0x080045ac   0x080045ac   0x00000144   Code   RO         5793    i.usart3_Init       usart.o
    0x080046f0   0x080046f0   0x00000026   Code   RO         6002    i.uxListRemove      list.o
    0x08004716   0x08004716   0x00000030   Code   RO         6005    i.vListInsert       list.o
    0x08004746   0x08004746   0x00000002   PAD
    0x08004748   0x08004748   0x00000050   Code   RO         7095    i.vPortEnterCritical  port.o
    0x08004798   0x08004798   0x0000003c   Code   RO         7096    i.vPortExitCritical  port.o
    0x080047d4   0x080047d4   0x0000005c   Code   RO         6489    i.vTaskDelay        tasks.o
    0x08004830   0x08004830   0x00000010   Code   RO         6508    i.vTaskSuspendAll   tasks.o
    0x08004840   0x08004840   0x0000006c   Code   RO         6509    i.vTaskSwitchContext  tasks.o
    0x080048ac   0x080048ac   0x0000002c   Code   RO         7100    i.xPortSysTickHandler  port.o
    0x080048d8   0x080048d8   0x0000001c   Code   RO         6519    i.xTaskGetSchedulerState  tasks.o
    0x080048f4   0x080048f4   0x00000148   Code   RO         6522    i.xTaskIncrementTick  tasks.o
    0x08004a3c   0x08004a3c   0x00000140   Code   RO         6526    i.xTaskResumeAll    tasks.o
    0x08004b7c   0x08004b7c   0x00000060   Data   RO         5518    .constdata          dji_6020_2006.o
    0x08004bdc   0x08004bdc   0x00000140   Data   RO         7242    .constdata          m_wm.l(powf.o)
    0x08004d1c   0x08004d1c   0x00000004   PAD
    0x08004d20   0x08004d20   0x00000098   Data   RO         7576    .constdata          m_wm.l(atan.o)
    0x08004db8   0x08004db8   0x00000008   Data   RO         7623    .constdata          m_wm.l(qnan.o)
    0x08004dc0   0x08004dc0   0x00000020   Data   RO         7625    .constdata          m_wm.l(rredf.o)
    0x08004de0   0x08004de0   0x00000043   Data   RO         6529    .conststring        tasks.o
    0x08004e23   0x08004e23   0x00000001   PAD
    0x08004e24   0x08004e24   0x00000059   Data   RO         7101    .conststring        port.o
    0x08004e7d   0x08004e7d   0x00000003   PAD
    0x08004e80   0x08004e80   0x00000020   Data   RO         7688    Region$$Table       anon$$obj.o


    Execution Region RW_IRAM1 (Exec base: 0x20000000, Load base: 0x08004ea0, Size: 0x00000a18, Max: 0x00020000, ABSOLUTE)

    Exec Addr    Load Addr    Size         Type   Attr      Idx    E Section Name        Object

    0x20000000   0x08004ea0   0x00000010   Data   RW           10    .data               main.o
    0x20000010   0x08004eb0   0x00000010   Data   RW         2924    .data               stm32f4xx_rcc.o
    0x20000020   0x08004ec0   0x00000004   Data   RW         5004    .data               delay.o
    0x20000024   0x08004ec4   0x00000004   Data   RW         5249    .data               cybergear.o
    0x20000028   0x08004ec8   0x00000034   Data   RW         5372    .data               cubemars_ak80_8.o
    0x2000005c   0x08004efc   0x0000000c   Data   RW         5519    .data               dji_6020_2006.o
    0x20000068   0x08004f08   0x00000002   Data   RW         5587    .data               remote_control.o
    0x2000006a   0x08004f0a   0x00000002   PAD
    0x2000006c   0x08004f0c   0x0000000c   Data   RW         5646    .data               dji_remote.o
    0x20000078   0x08004f18   0x00000040   Data   RW         6530    .data               tasks.o
    0x200000b8   0x08004f58   0x0000000c   Data   RW         7102    .data               port.o
    0x200000c4   0x08004f64   0x00000004   Data   RW         7645    .data               mc_w.l(stdout.o)
    0x200000c8   0x08004f68   0x00000004   Data   RW         7657    .data               mc_w.l(errno.o)
    0x200000cc        -       0x00000050   Zero   RW         5114    .bss                arm_4.o
    0x2000011c        -       0x00000020   Zero   RW         5248    .bss                cybergear.o
    0x2000013c        -       0x00000014   Zero   RW         5371    .bss                cubemars_ak80_8.o
    0x20000150        -       0x00000168   Zero   RW         5517    .bss                dji_6020_2006.o
    0x200002b8        -       0x0000007c   Zero   RW         5586    .bss                remote_control.o
    0x20000334        -       0x000002e4   Zero   RW         6528    .bss                tasks.o
    0x20000618        -       0x00000400   Zero   RW          275    STACK               startup_stm32f40_41xxx.o


==============================================================================

Image component sizes


      Code (inc. data)   RO Data    RW Data    ZI Data      Debug   Object Name

      1418        112          0          0         80       8683   arm_4.o
       480         18          0          0          0       2174   can.o
       536         32          0         52         20       9911   cubemars_ak80_8.o
       886         70          0          4         32       8701   cybergear.o
       184         14          0          4          0      10909   delay.o
       590         74         96         12        360       7229   dji_6020_2006.o
       432         36          0         12          0       2910   dji_remote.o
         0          0          0          0          0       1464   event_groups.o
        60          4          0          0          0        532   gpio.o
        86          0          0          0          0       2133   list.o
       140         12          0         16          0     304081   main.o
       144         14          0          0          0       2217   misc.o
       412         10          0          0          0       2030   pid.o
       374         78         89         12          0       5867   port.o
       612         36          0          2        124       3688   remote_control.o
        36          8        392          0       1024        844   startup_stm32f40_41xxx.o
       986         30          0          0          0       7126   stm32f4xx_can.o
       506         36          0          0          0       7176   stm32f4xx_dma.o
       198          0          0          0          0       2458   stm32f4xx_gpio.o
        12          0          0          0          0       2833   stm32f4xx_it.o
       240         36          0         16          0       5492   stm32f4xx_rcc.o
       190         28          0          0          0       4857   stm32f4xx_tim.o
       516         42          0          0          0       7004   stm32f4xx_usart.o
       272         36          0          0          0       1689   system_stm32f4xx.o
      1056        148         67         64        740      23509   tasks.o
       176         16          0          0          0       1749   timer.o
       360         22          0          0          0       1998   usart.o

    ----------------------------------------------------------------------
     10932        912        680        196       2380     439264   Object Totals
         0          0         32          0          0          0   (incl. Generated)
        30          0          4          2          0          0   (incl. Padding)

    ----------------------------------------------------------------------

      Code (inc. data)   RO Data    RW Data    ZI Data      Debug   Library Member Name

       280         46          0          0          0        176   acosf.o
       744        106        152          0          0        352   atan.o
       512         64          0          0          0        208   atan2.o
       684         90          0          0          0        208   atan2f.o
       352         56          0          0          0        172   atanf.o
       336         56          0          0          0        136   cosf.o
        72          8          0          0          0        372   dunder.o
        24          0          0          0          0        124   fabs.o
        48          0          0          0          0        124   fpclassify.o
        38          0          0          0          0        116   fpclassifyf.o
        80         24          0          0          0        696   funder.o
       248          0          0          0          0        152   poly.o
      1636        110        320          0          0        372   powf.o
         0          0          8          0          0          0   qnan.o
       340         24         32          0          0        160   rredf.o
       400         56          0          0          0        212   sinf.o
       120          0          0          0          0        272   sqrtf.o
         0          0          0          0          0          0   entry.o
         0          0          0          0          0          0   entry10a.o
         0          0          0          0          0          0   entry11a.o
         4          0          0          0          0          0   entry12b.o
         8          4          0          0          0          0   entry2.o
         4          0          0          0          0          0   entry5.o
         0          0          0          0          0          0   entry7b.o
         0          0          0          0          0          0   entry8b.o
         8          4          0          0          0          0   entry9a.o
        12          6          0          4          0         68   errno.o
        18          0          0          0          0         80   fputc.o
        30          0          0          0          0          0   handlers.o
        36          8          0          0          0         68   init.o
         0          0          0          0          0          0   iusefp.o
         0          0          0          0          0          0   iusesemip.o
        30          0          0          0          0         68   llshl.o
        36          0          0          0          0         68   llsshr.o
        32          0          0          0          0         68   llushr.o
        36          0          0          0          0         68   memcpya.o
       472         14          0          0          0        184   printf3.o
         0          0          0          0          0          0   semi.o
         0          0          0          4          0          0   stdout.o
        44          0          0          0          0         80   uidiv.o
        48          0          0          0          0         68   cdcmple.o
        48          0          0          0          0         68   cdrcmple.o
        56          0          0          0          0         88   d2f.o
       334          0          0          0          0        148   dadd.o
       222          0          0          0          0        100   ddiv.o
       186          0          0          0          0        176   depilogue.o
        26          0          0          0          0         76   dfltui.o
       228          0          0          0          0         96   dmul.o
        38          0          0          0          0         68   f2d.o
       110          0          0          0          0        168   fepilogue.o
         4          0          0          0          0         68   fpstat.o

    ----------------------------------------------------------------------
      8000        676        516          8          0       5728   Library Totals
        16          0          4          0          0          0   (incl. Padding)

    ----------------------------------------------------------------------

      Code (inc. data)   RO Data    RW Data    ZI Data      Debug   Library Name

      5914        640        512          0          0       3852   m_wm.l
       770         36          0          8          0        752   mc_w.l
      1300          0          0          0          0       1124   mf_w.l

    ----------------------------------------------------------------------
      8000        676        516          8          0       5728   Library Totals

    ----------------------------------------------------------------------

==============================================================================


      Code (inc. data)   RO Data    RW Data    ZI Data      Debug   

     18932       1588       1196        204       2380     430560   Grand Totals
     18932       1588       1196        204       2380     430560   ELF Image Totals
     18932       1588       1196        204          0          0   ROM Totals

==============================================================================

    Total RO  Size (Code + RO Data)                20128 (  19.66kB)
    Total RW  Size (RW Data + ZI Data)              2584 (   2.52kB)
    Total ROM Size (Code + RO Data + RW Data)      20332 (  19.86kB)

==============================================================================

